// Jest Snapshot v1, https://goo.gl/fbAQLP

exports[`VaultListDisplay displays empty search message 1`] = `
<div>
  <div
    class="MuiPaper-root-116 MuiGrid-root-13 makeStyles-root-9 MuiGrid-container-14 MuiGrid-item-15 MuiPaper-elevation1-120 MuiPaper-rounded-117"
  >
    <div
      class="MuiGrid-root-13 MuiGrid-container-14 MuiGrid-spacing-xs-2-37"
    >
      <div
        class="MuiGrid-root-13 makeStyles-spacingItem-11 MuiGrid-item-15 MuiGrid-grid-xs-auto-46"
      />
      <div
        class="MuiGrid-root-13 makeStyles-title-2 makeStyles-columnTitle-7 MuiGrid-container-14 MuiGrid-item-15 MuiGrid-align-items-xs-center-22 MuiGrid-grid-xs-true-47 MuiGrid-grid-lg-5-94"
      >
        <p
          class="MuiTypography-root-144 makeStyles-title-2 MuiTypography-body2-145 MuiTypography-colorTextSecondary-170"
        >
          Vault
        </p>
        <button
          aria-label="sort descending by name"
          class="MuiButtonBase-root-183 MuiIconButton-root-174 makeStyles-sortIcon-3 makeStyles-nonSetSort-5"
          tabindex="0"
          type="button"
        >
          <span
            class="MuiIconButton-label-182"
          >
            <img
              alt="sort-icon"
              class="makeStyles-sortIcon-3"
              src="/assets/icons/vaults-sort-icon.svg"
            />
          </span>
          <span
            class="MuiTouchRipple-root-242"
          />
        </button>
      </div>
      <div
        class="MuiGrid-root-13 makeStyles-title-2 makeStyles-columnTitle-7 MuiGrid-container-14 MuiGrid-item-15 MuiGrid-align-items-xs-center-22 MuiGrid-justify-content-xs-flex-end-32 MuiGrid-grid-xs-true-47"
      >
        <p
          class="MuiTypography-root-144 MuiTypography-body2-145 MuiTypography-colorTextSecondary-170"
        >
          APY
        </p>
        <button
          aria-label="sort descending by APR"
          class="MuiButtonBase-root-183 MuiIconButton-root-174 makeStyles-sortIcon-3 makeStyles-nonSetSort-5"
          tabindex="0"
          type="button"
        >
          <span
            class="MuiIconButton-label-182"
          >
            <img
              alt="sort-icon"
              class="makeStyles-sortIcon-3"
              src="/assets/icons/vaults-sort-icon.svg"
            />
          </span>
          <span
            class="MuiTouchRipple-root-242"
          />
        </button>
      </div>
      <div
        class="MuiGrid-root-13 makeStyles-title-2 makeStyles-columnTitle-7 MuiGrid-container-14 MuiGrid-item-15 MuiGrid-align-items-xs-center-22 MuiGrid-justify-content-xs-flex-end-32 MuiGrid-grid-xs-true-47"
      >
        <p
          class="MuiTypography-root-144 MuiTypography-body2-145 MuiTypography-colorTextSecondary-170"
        >
          My Deposits
        </p>
        <button
          aria-label="sort descending by balance"
          class="MuiButtonBase-root-183 MuiIconButton-root-174 makeStyles-sortIcon-3 makeStyles-nonSetSort-5"
          tabindex="0"
          type="button"
        >
          <span
            class="MuiIconButton-label-182"
          >
            <img
              alt="sort-icon"
              class="makeStyles-sortIcon-3"
              src="/assets/icons/vaults-sort-icon.svg"
            />
          </span>
          <span
            class="MuiTouchRipple-root-242"
          />
        </button>
      </div>
      <div
        class="MuiGrid-root-13 makeStyles-title-2 makeStyles-columnTitle-7 makeStyles-tvlColumn-8 MuiGrid-container-14 MuiGrid-item-15 MuiGrid-align-items-xs-center-22 MuiGrid-justify-content-xs-flex-end-32 MuiGrid-grid-xs-true-47"
      >
        <p
          class="MuiTypography-root-144 MuiTypography-body2-145 MuiTypography-colorTextSecondary-170"
        >
          TVL
        </p>
        <button
          aria-label="sort descending by TVL"
          class="MuiButtonBase-root-183 MuiIconButton-root-174 makeStyles-sortIcon-3 makeStyles-nonSetSort-5"
          tabindex="0"
          type="button"
        >
          <span
            class="MuiIconButton-label-182"
          >
            <img
              alt="sort-icon"
              class="makeStyles-sortIcon-3"
              src="/assets/icons/vaults-sort-icon.svg"
            />
          </span>
          <span
            class="MuiTouchRipple-root-242"
          />
        </button>
      </div>
    </div>
  </div>
  <div
    class="MuiPaper-root-116 MuiCard-root-189 MuiGrid-root-13 makeStyles-root-186 MuiGrid-container-14 MuiGrid-justify-content-xs-center-31 MuiPaper-elevation1-120 MuiPaper-rounded-117"
  >
    <div
      class="MuiGrid-root-13 makeStyles-content-188 MuiGrid-container-14 MuiGrid-item-15 MuiGrid-grid-xs-10-57 MuiGrid-grid-sm-6-67 MuiGrid-grid-md-3-78"
    >
      <div
        class="MuiGrid-root-13 MuiGrid-container-14 MuiGrid-spacing-xs-1-36 MuiGrid-direction-xs-column-17 MuiGrid-justify-content-xs-center-31"
      >
        <div
          class="MuiGrid-root-13 MuiGrid-item-15"
        >
          <img
            alt="vault search is empty"
            src="/assets/icons/empty-vaults-search.svg"
          />
        </div>
        <div
          class="MuiGrid-root-13 MuiGrid-item-15"
        >
          <h6
            class="MuiTypography-root-144 MuiTypography-h6-154 MuiTypography-colorTextSecondary-170"
          >
            Hmmm...
          </h6>
        </div>
      </div>
      <div
        class="MuiGrid-root-13 MuiGrid-container-14 MuiGrid-justify-content-xs-center-31"
      >
        <p
          class="MuiTypography-root-144 MuiTypography-body2-145"
        >
          We couldn't find any matches for your selected filters. Try other filters?
        </p>
      </div>
      <div
        class="MuiGrid-root-13 MuiGrid-container-14"
      >
        <div
          class="MuiGrid-root-13 MuiGrid-item-15 MuiGrid-grid-xs-12-59"
        >
          <button
            class="MuiButtonBase-root-183 MuiButton-root-190 MuiButton-contained-198 makeStyles-filtersButton-187 MuiButton-containedPrimary-199"
            tabindex="0"
            type="button"
          >
            <span
              class="MuiButton-label-191"
            >
              Filters
            </span>
            <span
              class="MuiTouchRipple-root-242"
            />
          </button>
        </div>
        <div
          class="MuiGrid-root-13 MuiGrid-item-15 MuiGrid-grid-xs-12-59"
        >
          <button
            class="MuiButtonBase-root-183 MuiButton-root-190 MuiButton-text-192 MuiButton-textPrimary-193"
            tabindex="0"
            type="button"
          >
            <span
              class="MuiButton-label-191"
            >
              Go Back To All Vaults
            </span>
            <span
              class="MuiTouchRipple-root-242"
            />
          </button>
        </div>
      </div>
    </div>
  </div>
</div>
`;

exports[`VaultListDisplay displays no vaults message 1`] = `
<div>
  <div
    class="MuiGrid-root-8 makeStyles-messageContainer-2 MuiGrid-container-9 MuiGrid-direction-xs-column-12"
  >
    <div
      class="MuiGrid-root-8 MuiGrid-container-9 MuiGrid-item-10 MuiGrid-justify-content-xs-center-26"
    >
      <img
        alt="Badger Builder"
        src="/assets/icons/screwdriver-badger.svg"
      />
    </div>
    <div
      class="MuiGrid-root-8 makeStyles-helpTextContainer-5 MuiGrid-container-9 MuiGrid-item-10 MuiGrid-direction-xs-column-12 MuiGrid-justify-content-xs-center-26"
    >
      <h5
        class="MuiTypography-root-111 MuiTypography-h5-120 MuiTypography-colorTextSecondary-137"
      >
        No vaults to display
      </h5>
      <p
        class="MuiTypography-root-111 MuiTypography-body2-112 MuiTypography-colorTextSecondary-137"
      >
        Badgers are working hard to build vaults on 
        <span
          class="makeStyles-networkName-7"
        >
          ethereum
        </span>
        . Switch network for more investment opportunities.
      </p>
    </div>
    <div
      class="MuiGrid-root-8 makeStyles-switchButtonContainer-6 MuiGrid-container-9 MuiGrid-item-10 MuiGrid-justify-content-xs-center-26"
    >
      <button
        class="MuiButtonBase-root-170 MuiButton-root-141 MuiButton-outlined-146 MuiButton-outlinedPrimary-147"
        tabindex="0"
        type="button"
      >
        <span
          class="MuiButton-label-142"
        >
          Switch Networks
        </span>
        <span
          class="MuiTouchRipple-root-173"
        />
      </button>
    </div>
  </div>
</div>
`;

exports[`VaultListDisplay does not display deprecated vaults with no user balance 1`] = `
<div>
  <div
    class="MuiGrid-root-8 makeStyles-messageContainer-2 MuiGrid-container-9 MuiGrid-direction-xs-column-12"
  >
    <div
      class="MuiGrid-root-8 MuiGrid-container-9 MuiGrid-item-10 MuiGrid-justify-content-xs-center-26"
    >
      <img
        alt="Badger Builder"
        src="/assets/icons/screwdriver-badger.svg"
      />
    </div>
    <div
      class="MuiGrid-root-8 makeStyles-helpTextContainer-5 MuiGrid-container-9 MuiGrid-item-10 MuiGrid-direction-xs-column-12 MuiGrid-justify-content-xs-center-26"
    >
      <h5
        class="MuiTypography-root-111 MuiTypography-h5-120 MuiTypography-colorTextSecondary-137"
      >
        No vaults to display
      </h5>
      <p
        class="MuiTypography-root-111 MuiTypography-body2-112 MuiTypography-colorTextSecondary-137"
      >
        Badgers are working hard to build vaults on 
        <span
          class="makeStyles-networkName-7"
        >
          ethereum
        </span>
        . Switch network for more investment opportunities.
      </p>
    </div>
    <div
      class="MuiGrid-root-8 makeStyles-switchButtonContainer-6 MuiGrid-container-9 MuiGrid-item-10 MuiGrid-justify-content-xs-center-26"
    >
      <button
        class="MuiButtonBase-root-170 MuiButton-root-141 MuiButton-outlined-146 MuiButton-outlinedPrimary-147"
        tabindex="0"
        type="button"
      >
        <span
          class="MuiButton-label-142"
        >
          Switch Networks
        </span>
        <span
          class="MuiTouchRipple-root-173"
        />
      </button>
    </div>
  </div>
</div>
`;

exports[`VaultListDisplay uses default sort criteria by default 1`] = `
<div>
  <div
    class="MuiPaper-root-116 MuiGrid-root-13 makeStyles-root-9 MuiGrid-container-14 MuiGrid-item-15 MuiPaper-elevation1-120 MuiPaper-rounded-117"
  >
    <div
      class="MuiGrid-root-13 MuiGrid-container-14 MuiGrid-spacing-xs-2-37"
    >
      <div
        class="MuiGrid-root-13 makeStyles-spacingItem-11 MuiGrid-item-15 MuiGrid-grid-xs-auto-46"
      />
      <div
        class="MuiGrid-root-13 makeStyles-title-2 makeStyles-columnTitle-7 MuiGrid-container-14 MuiGrid-item-15 MuiGrid-align-items-xs-center-22 MuiGrid-grid-xs-true-47 MuiGrid-grid-lg-5-94"
      >
        <p
          class="MuiTypography-root-144 makeStyles-title-2 MuiTypography-body2-145 MuiTypography-colorTextSecondary-170"
        >
          Vault
        </p>
        <button
          aria-label="sort descending by name"
          class="MuiButtonBase-root-183 MuiIconButton-root-174 makeStyles-sortIcon-3 makeStyles-nonSetSort-5"
          tabindex="0"
          type="button"
        >
          <span
            class="MuiIconButton-label-182"
          >
            <img
              alt="sort-icon"
              class="makeStyles-sortIcon-3"
              src="/assets/icons/vaults-sort-icon.svg"
            />
          </span>
          <span
            class="MuiTouchRipple-root-433"
          />
        </button>
      </div>
      <div
        class="MuiGrid-root-13 makeStyles-title-2 makeStyles-columnTitle-7 MuiGrid-container-14 MuiGrid-item-15 MuiGrid-align-items-xs-center-22 MuiGrid-justify-content-xs-flex-end-32 MuiGrid-grid-xs-true-47"
      >
        <p
          class="MuiTypography-root-144 MuiTypography-body2-145 MuiTypography-colorTextSecondary-170"
        >
          APY
        </p>
        <button
          aria-label="sort descending by APR"
          class="MuiButtonBase-root-183 MuiIconButton-root-174 makeStyles-sortIcon-3 makeStyles-nonSetSort-5"
          tabindex="0"
          type="button"
        >
          <span
            class="MuiIconButton-label-182"
          >
            <img
              alt="sort-icon"
              class="makeStyles-sortIcon-3"
              src="/assets/icons/vaults-sort-icon.svg"
            />
          </span>
          <span
            class="MuiTouchRipple-root-433"
          />
        </button>
      </div>
      <div
        class="MuiGrid-root-13 makeStyles-title-2 makeStyles-columnTitle-7 MuiGrid-container-14 MuiGrid-item-15 MuiGrid-align-items-xs-center-22 MuiGrid-justify-content-xs-flex-end-32 MuiGrid-grid-xs-true-47"
      >
        <p
          class="MuiTypography-root-144 MuiTypography-body2-145 MuiTypography-colorTextSecondary-170"
        >
          My Deposits
        </p>
        <button
          aria-label="sort descending by balance"
          class="MuiButtonBase-root-183 MuiIconButton-root-174 makeStyles-sortIcon-3 makeStyles-nonSetSort-5"
          tabindex="0"
          type="button"
        >
          <span
            class="MuiIconButton-label-182"
          >
            <img
              alt="sort-icon"
              class="makeStyles-sortIcon-3"
              src="/assets/icons/vaults-sort-icon.svg"
            />
          </span>
          <span
            class="MuiTouchRipple-root-433"
          />
        </button>
      </div>
      <div
        class="MuiGrid-root-13 makeStyles-title-2 makeStyles-columnTitle-7 makeStyles-tvlColumn-8 MuiGrid-container-14 MuiGrid-item-15 MuiGrid-align-items-xs-center-22 MuiGrid-justify-content-xs-flex-end-32 MuiGrid-grid-xs-true-47"
      >
        <p
          class="MuiTypography-root-144 MuiTypography-body2-145 MuiTypography-colorTextSecondary-170"
        >
          TVL
        </p>
        <button
          aria-label="sort descending by TVL"
          class="MuiButtonBase-root-183 MuiIconButton-root-174 makeStyles-sortIcon-3 makeStyles-nonSetSort-5"
          tabindex="0"
          type="button"
        >
          <span
            class="MuiIconButton-label-182"
          >
            <img
              alt="sort-icon"
              class="makeStyles-sortIcon-3"
              src="/assets/icons/vaults-sort-icon.svg"
            />
          </span>
          <span
            class="MuiTouchRipple-root-433"
          />
        </button>
      </div>
    </div>
  </div>
  <div
    class="MuiPaper-root-116 MuiCard-root-195 MuiGrid-root-13 makeStyles-root-186 MuiGrid-container-14 MuiGrid-direction-xs-column-17 MuiPaper-elevation1-120 MuiPaper-rounded-117"
  >
    <div
      class="MuiGrid-root-13 MuiGrid-container-14 MuiGrid-spacing-xs-2-37 MuiGrid-item-15"
    >
      <div
        class="MuiGrid-root-13 makeStyles-iconBadgeContainer-190 MuiGrid-container-14 MuiGrid-item-15 MuiGrid-grid-xs-auto-46"
      >
        <div
          class="makeStyles-root-196"
        >
          <img
            alt="DIGG logo"
            class="makeStyles-position-197"
            src="/assets/icons/digg.svg"
          />
        </div>
      </div>
      <div
        class="MuiGrid-root-13 MuiGrid-container-14 MuiGrid-item-15 MuiGrid-align-items-xs-center-22 MuiGrid-grid-xs-true-47 MuiGrid-grid-lg-5-94"
      >
        <h6
          class="MuiTypography-root-144 makeStyles-vaultName-191 MuiTypography-subtitle1-155"
        >
          Digg
        </h6>
        <div
          class="MuiGrid-root-13 MuiGrid-container-14 MuiGrid-spacing-xs-2-37"
        >
          <div
            class="MuiGrid-root-13 MuiGrid-item-15 MuiGrid-grid-xs-auto-46"
          >
            <div
              class="MuiChip-root-202 makeStyles-tag-198 makeStyles-clickableTag-200 MuiChip-sizeSmall-203"
            >
              <span
                class="MuiChip-label-224 MuiChip-labelSmall-225"
              >
                discontinued
              </span>
            </div>
          </div>
          <div
            class="MuiGrid-root-13 MuiGrid-item-15 MuiGrid-grid-xs-auto-46"
          >
            <div
              class="MuiChip-root-202 makeStyles-tag-198 MuiChip-sizeSmall-203"
            >
              <span
                class="MuiChip-label-224 MuiChip-labelSmall-225"
              >
                Badger
              </span>
            </div>
          </div>
        </div>
      </div>
      <div
        class="MuiGrid-root-13 MuiGrid-container-14 MuiGrid-item-15 MuiGrid-align-items-xs-center-22 MuiGrid-justify-content-xs-flex-end-32 MuiGrid-grid-xs-true-47"
      >
        <p
          class="MuiTypography-root-144 makeStyles-apr-233 MuiTypography-body1-146 MuiTypography-colorTextPrimary-169"
        >
          --%
        </p>
      </div>
      <div
        class="MuiGrid-root-13 MuiGrid-container-14 MuiGrid-item-15 MuiGrid-justify-content-xs-flex-end-32 MuiGrid-grid-xs-true-47"
      >
        <div
          class="MuiBox-root-238 MuiBox-root-239"
        >
          <p
            class="MuiTypography-root-144 makeStyles-itemText-188 MuiTypography-body1-146"
          >
            $0.00
          </p>
        </div>
      </div>
      <div
        class="MuiGrid-root-13 MuiGrid-container-14 MuiGrid-item-15 MuiGrid-justify-content-xs-flex-end-32 MuiGrid-grid-xs-true-47"
      >
        <div
          class="MuiBox-root-238 MuiBox-root-243"
        >
          <p
            class="MuiTypography-root-144 makeStyles-itemText-188 MuiTypography-body1-146"
          >
            $1,061,884
          </p>
        </div>
      </div>
    </div>
  </div>
  <div
    class="MuiPaper-root-116 MuiCard-root-195 MuiGrid-root-13 makeStyles-root-186 MuiGrid-container-14 MuiGrid-direction-xs-column-17 MuiPaper-elevation1-120 MuiPaper-rounded-117"
  >
    <div
      class="MuiGrid-root-13 MuiGrid-container-14 MuiGrid-spacing-xs-2-37 MuiGrid-item-15"
    >
      <div
        class="MuiGrid-root-13 makeStyles-iconBadgeContainer-190 MuiGrid-container-14 MuiGrid-item-15 MuiGrid-grid-xs-auto-46"
      >
        <div
          class="makeStyles-root-196"
        />
      </div>
      <div
        class="MuiGrid-root-13 MuiGrid-container-14 MuiGrid-item-15 MuiGrid-align-items-xs-center-22 MuiGrid-grid-xs-true-47 MuiGrid-grid-lg-5-94"
      >
        <h6
          class="MuiTypography-root-144 makeStyles-vaultName-191 MuiTypography-subtitle1-155"
        >
          bveCVX
        </h6>
        <div
          class="MuiGrid-root-13 MuiGrid-container-14 MuiGrid-spacing-xs-2-37"
        >
          <div
            class="MuiGrid-root-13 MuiGrid-item-15 MuiGrid-grid-xs-auto-46"
          >
            <div
              class="MuiChip-root-202 makeStyles-tag-198 MuiChip-sizeSmall-203"
            >
              <span
                class="MuiChip-label-224 MuiChip-labelSmall-225"
              >
                Convex
              </span>
            </div>
          </div>
        </div>
      </div>
      <div
        class="MuiGrid-root-13 MuiGrid-container-14 MuiGrid-item-15 MuiGrid-align-items-xs-center-22 MuiGrid-justify-content-xs-flex-end-32 MuiGrid-grid-xs-true-47"
      >
        <div
          class="MuiBox-root-238 MuiBox-root-244 makeStyles-root-232"
        >
          <div
            class="MuiBox-root-238 MuiBox-root-245"
          >
            <p
              class="MuiTypography-root-144 MuiTypography-body1-146 MuiTypography-colorTextPrimary-169 MuiTypography-displayInline-172"
            >
              28.04%
            </p>
            <img
              alt="apy info icon"
              class="makeStyles-apyInfo-234"
              src="/assets/icons/apy-info.svg"
            />
          </div>
        </div>
      </div>
      <div
        class="MuiGrid-root-13 MuiGrid-container-14 MuiGrid-item-15 MuiGrid-justify-content-xs-flex-end-32 MuiGrid-grid-xs-true-47"
      >
        <div
          class="MuiBox-root-238 MuiBox-root-256"
        >
          <p
            class="MuiTypography-root-144 makeStyles-itemText-188 MuiTypography-body1-146"
          >
            0 
          </p>
        </div>
      </div>
      <div
        class="MuiGrid-root-13 MuiGrid-container-14 MuiGrid-item-15 MuiGrid-justify-content-xs-flex-end-32 MuiGrid-grid-xs-true-47"
      >
        <div
          class="MuiBox-root-238 MuiBox-root-259"
        >
          <p
            class="MuiTypography-root-144 makeStyles-itemText-188 MuiTypography-body1-146"
          >
            $18,108,361
          </p>
        </div>
      </div>
    </div>
  </div>
  <div
    class="MuiPaper-root-116 MuiCard-root-195 MuiGrid-root-13 makeStyles-root-186 MuiGrid-container-14 MuiGrid-direction-xs-column-17 MuiPaper-elevation1-120 MuiPaper-rounded-117"
  >
    <div
      class="MuiGrid-root-13 MuiGrid-container-14 MuiGrid-spacing-xs-2-37 MuiGrid-item-15"
    >
      <div
        class="MuiGrid-root-13 makeStyles-iconBadgeContainer-190 MuiGrid-container-14 MuiGrid-item-15 MuiGrid-grid-xs-auto-46"
      >
        <div
          class="makeStyles-root-196"
        />
      </div>
      <div
        class="MuiGrid-root-13 MuiGrid-container-14 MuiGrid-item-15 MuiGrid-align-items-xs-center-22 MuiGrid-grid-xs-true-47 MuiGrid-grid-lg-5-94"
      >
        <h6
          class="MuiTypography-root-144 makeStyles-vaultName-191 MuiTypography-subtitle1-155"
        >
          graviAURA
        </h6>
        <div
          class="MuiGrid-root-13 MuiGrid-container-14 MuiGrid-spacing-xs-2-37"
        >
          <div
            class="MuiGrid-root-13 MuiGrid-item-15 MuiGrid-grid-xs-auto-46"
          >
            <div
              class="MuiChip-root-202 makeStyles-tag-198 MuiChip-sizeSmall-203"
            >
              <span
                class="MuiChip-label-224 MuiChip-labelSmall-225"
              >
                Aura
              </span>
            </div>
          </div>
        </div>
      </div>
      <div
        class="MuiGrid-root-13 MuiGrid-container-14 MuiGrid-item-15 MuiGrid-align-items-xs-center-22 MuiGrid-justify-content-xs-flex-end-32 MuiGrid-grid-xs-true-47"
      >
        <div
          class="MuiBox-root-238 MuiBox-root-260 makeStyles-root-232"
        >
          <div
            class="MuiBox-root-238 MuiBox-root-261"
          >
            <p
              class="MuiTypography-root-144 MuiTypography-body1-146 MuiTypography-colorTextPrimary-169 MuiTypography-displayInline-172"
            >
              17.62%
            </p>
            <img
              alt="apy info icon"
              class="makeStyles-apyInfo-234"
              src="/assets/icons/apy-info.svg"
            />
          </div>
        </div>
      </div>
      <div
        class="MuiGrid-root-13 MuiGrid-container-14 MuiGrid-item-15 MuiGrid-justify-content-xs-flex-end-32 MuiGrid-grid-xs-true-47"
      >
        <div
          class="MuiBox-root-238 MuiBox-root-264"
        >
          <p
            class="MuiTypography-root-144 makeStyles-itemText-188 MuiTypography-body1-146"
          >
            0 
          </p>
        </div>
      </div>
      <div
        class="MuiGrid-root-13 MuiGrid-container-14 MuiGrid-item-15 MuiGrid-justify-content-xs-flex-end-32 MuiGrid-grid-xs-true-47"
      >
        <div
          class="MuiBox-root-238 MuiBox-root-267"
        >
          <p
            class="MuiTypography-root-144 makeStyles-itemText-188 MuiTypography-body1-146"
          >
            $2,525,602
          </p>
        </div>
      </div>
    </div>
  </div>
  <div
    class="MuiPaper-root-116 MuiCard-root-195 MuiGrid-root-13 makeStyles-root-186 MuiGrid-container-14 MuiGrid-direction-xs-column-17 MuiPaper-elevation1-120 MuiPaper-rounded-117"
  >
    <div
      class="MuiGrid-root-13 MuiGrid-container-14 MuiGrid-spacing-xs-2-37 MuiGrid-item-15"
    >
      <div
        class="MuiGrid-root-13 makeStyles-iconBadgeContainer-190 MuiGrid-container-14 MuiGrid-item-15 MuiGrid-grid-xs-auto-46"
      >
        <div
          class="makeStyles-root-196"
        />
      </div>
      <div
        class="MuiGrid-root-13 MuiGrid-container-14 MuiGrid-item-15 MuiGrid-align-items-xs-center-22 MuiGrid-grid-xs-true-47 MuiGrid-grid-lg-5-94"
      >
        <h6
          class="MuiTypography-root-144 makeStyles-vaultName-191 MuiTypography-subtitle1-155"
        >
          auraBAL
        </h6>
        <div
          class="MuiGrid-root-13 MuiGrid-container-14 MuiGrid-spacing-xs-2-37"
        >
          <div
            class="MuiGrid-root-13 MuiGrid-item-15 MuiGrid-grid-xs-auto-46"
          >
            <div
              class="MuiChip-root-202 makeStyles-tag-198 makeStyles-clickableTag-200 MuiChip-sizeSmall-203"
            >
              <span
                class="MuiChip-label-224 MuiChip-labelSmall-225"
              >
                experimental
              </span>
            </div>
          </div>
          <div
            class="MuiGrid-root-13 MuiGrid-item-15 MuiGrid-grid-xs-auto-46"
          >
            <div
              class="MuiChip-root-202 makeStyles-tag-198 MuiChip-sizeSmall-203"
            >
              <span
                class="MuiChip-label-224 MuiChip-labelSmall-225"
              >
                Aura
              </span>
            </div>
          </div>
          <div
            class="MuiGrid-root-13 MuiGrid-item-15 MuiGrid-grid-xs-auto-46"
          >
            <div
              class="MuiChip-root-202 makeStyles-tag-198 makeStyles-clickableTag-200 MuiChip-sizeSmall-203"
            >
              <span
                class="MuiChip-label-224 MuiChip-labelSmall-225"
              >
                Ecosystem Helper
              </span>
            </div>
          </div>
        </div>
      </div>
      <div
        class="MuiGrid-root-13 MuiGrid-container-14 MuiGrid-item-15 MuiGrid-align-items-xs-center-22 MuiGrid-justify-content-xs-flex-end-32 MuiGrid-grid-xs-true-47"
      >
        <div
          class="MuiBox-root-238 MuiBox-root-268 makeStyles-root-232"
        >
          <div
            class="MuiBox-root-238 MuiBox-root-269"
          >
            <h6
              class="MuiTypography-root-144 MuiTypography-subtitle1-155 MuiTypography-colorTextPrimary-169 MuiTypography-displayInline-172"
            >
              New Vault
            </h6>
            <img
              alt="apy info icon"
              class="makeStyles-apyInfo-234"
              src="/assets/icons/apy-info.svg"
            />
          </div>
          <div
            class="MuiBox-root-238 MuiBox-root-270"
          >
            <p
              class="MuiTypography-root-144 makeStyles-projectedApr-235 MuiTypography-body1-146"
            >
              Current: 
              109.00%
            </p>
          </div>
        </div>
      </div>
      <div
        class="MuiGrid-root-13 MuiGrid-container-14 MuiGrid-item-15 MuiGrid-justify-content-xs-flex-end-32 MuiGrid-grid-xs-true-47"
      >
        <div
          class="MuiBox-root-238 MuiBox-root-273"
        >
          <p
            class="MuiTypography-root-144 makeStyles-itemText-188 MuiTypography-body1-146"
          >
            0 
          </p>
        </div>
      </div>
      <div
        class="MuiGrid-root-13 MuiGrid-container-14 MuiGrid-item-15 MuiGrid-justify-content-xs-flex-end-32 MuiGrid-grid-xs-true-47"
      >
        <div
          class="MuiBox-root-238 MuiBox-root-276"
        >
          <p
            class="MuiTypography-root-144 makeStyles-itemText-188 MuiTypography-body1-146"
          >
            $69,939
          </p>
        </div>
      </div>
    </div>
  </div>
  <div
    class="MuiPaper-root-116 MuiCard-root-195 MuiGrid-root-13 makeStyles-root-186 MuiGrid-container-14 MuiGrid-direction-xs-column-17 MuiPaper-elevation1-120 MuiPaper-rounded-117"
  >
    <div
      class="MuiGrid-root-13 MuiGrid-container-14 MuiGrid-spacing-xs-2-37 MuiGrid-item-15"
    >
      <div
        class="MuiGrid-root-13 makeStyles-iconBadgeContainer-190 MuiGrid-container-14 MuiGrid-item-15 MuiGrid-grid-xs-auto-46"
      >
        <div
          class="makeStyles-root-196"
        >
          <img
            alt="auraBAL logo"
            class="makeStyles-position-277"
            src="/assets/icons/aurabal.svg"
          />
          <img
            alt="graviAURA logo"
            class="makeStyles-position-278"
            src="/assets/icons/graviaura.svg"
          />
          <img
            alt="WETH logo"
            class="makeStyles-position-279"
            src="/assets/icons/weth.svg"
          />
        </div>
      </div>
      <div
        class="MuiGrid-root-13 MuiGrid-container-14 MuiGrid-item-15 MuiGrid-align-items-xs-center-22 MuiGrid-grid-xs-true-47 MuiGrid-grid-lg-5-94"
      >
        <h6
          class="MuiTypography-root-144 makeStyles-vaultName-191 MuiTypography-subtitle1-155"
        >
          graviAURA/auraBAL/WETH
        </h6>
        <div
          class="MuiGrid-root-13 MuiGrid-container-14 MuiGrid-spacing-xs-2-37"
        >
          <div
            class="MuiGrid-root-13 MuiGrid-item-15 MuiGrid-grid-xs-auto-46"
          >
            <div
              class="MuiChip-root-202 makeStyles-tag-198 makeStyles-clickableTag-200 MuiChip-sizeSmall-203"
            >
              <span
                class="MuiChip-label-224 MuiChip-labelSmall-225"
              >
                experimental
              </span>
            </div>
          </div>
          <div
            class="MuiGrid-root-13 MuiGrid-item-15 MuiGrid-grid-xs-auto-46"
          >
            <div
              class="MuiChip-root-202 makeStyles-tag-198 MuiChip-sizeSmall-203"
            >
              <span
                class="MuiChip-label-224 MuiChip-labelSmall-225"
              >
                Aura
              </span>
            </div>
          </div>
        </div>
      </div>
      <div
        class="MuiGrid-root-13 MuiGrid-container-14 MuiGrid-item-15 MuiGrid-align-items-xs-center-22 MuiGrid-justify-content-xs-flex-end-32 MuiGrid-grid-xs-true-47"
      >
        <div
          class="MuiBox-root-238 MuiBox-root-280 makeStyles-root-232"
        >
          <div
            class="MuiBox-root-238 MuiBox-root-281"
          >
            <h6
              class="MuiTypography-root-144 MuiTypography-subtitle1-155 MuiTypography-colorTextPrimary-169 MuiTypography-displayInline-172"
            >
              New Vault
            </h6>
            <img
              alt="apy info icon"
              class="makeStyles-apyInfo-234"
              src="/assets/icons/apy-info.svg"
            />
          </div>
          <div
            class="MuiBox-root-238 MuiBox-root-282"
          >
            <p
              class="MuiTypography-root-144 makeStyles-projectedApr-235 MuiTypography-body1-146"
            >
              Current: 
              161.03%
            </p>
          </div>
        </div>
      </div>
      <div
        class="MuiGrid-root-13 MuiGrid-container-14 MuiGrid-item-15 MuiGrid-justify-content-xs-flex-end-32 MuiGrid-grid-xs-true-47"
      >
        <div
          class="MuiBox-root-238 MuiBox-root-285"
        >
          <p
            class="MuiTypography-root-144 makeStyles-itemText-188 MuiTypography-body1-146"
          >
            0 
          </p>
        </div>
      </div>
      <div
        class="MuiGrid-root-13 MuiGrid-container-14 MuiGrid-item-15 MuiGrid-justify-content-xs-flex-end-32 MuiGrid-grid-xs-true-47"
      >
        <div
          class="MuiBox-root-238 MuiBox-root-288"
        >
          <p
            class="MuiTypography-root-144 makeStyles-itemText-188 MuiTypography-body1-146"
          >
            $73,432
          </p>
        </div>
      </div>
    </div>
  </div>
  <div
    class="MuiPaper-root-116 MuiCard-root-195 MuiGrid-root-13 makeStyles-root-186 MuiGrid-container-14 MuiGrid-direction-xs-column-17 MuiPaper-elevation1-120 MuiPaper-rounded-117"
  >
    <div
      class="MuiGrid-root-13 MuiGrid-container-14 MuiGrid-spacing-xs-2-37 MuiGrid-item-15"
    >
      <div
        class="MuiGrid-root-13 makeStyles-iconBadgeContainer-190 MuiGrid-container-14 MuiGrid-item-15 MuiGrid-grid-xs-auto-46"
      >
        <div
          class="makeStyles-root-196"
        >
          <img
            alt="WBTC logo"
            class="makeStyles-position-289"
            src="/assets/icons/wbtc.svg"
          />
          <img
            alt="BADGER logo"
            class="makeStyles-position-290"
            src="/assets/icons/badger.svg"
          />
        </div>
      </div>
      <div
        class="MuiGrid-root-13 MuiGrid-container-14 MuiGrid-item-15 MuiGrid-align-items-xs-center-22 MuiGrid-grid-xs-true-47 MuiGrid-grid-lg-5-94"
      >
        <h6
          class="MuiTypography-root-144 makeStyles-vaultName-191 MuiTypography-subtitle1-155"
        >
          BADGER/WBTC
        </h6>
        <div
          class="MuiGrid-root-13 MuiGrid-container-14 MuiGrid-spacing-xs-2-37"
        >
          <div
            class="MuiGrid-root-13 MuiGrid-item-15 MuiGrid-grid-xs-auto-46"
          >
            <div
              class="MuiChip-root-202 makeStyles-tag-198 makeStyles-clickableTag-200 MuiChip-sizeSmall-203"
            >
              <span
                class="MuiChip-label-224 MuiChip-labelSmall-225"
              >
                experimental
              </span>
            </div>
          </div>
          <div
            class="MuiGrid-root-13 MuiGrid-item-15 MuiGrid-grid-xs-auto-46"
          >
            <div
              class="MuiChip-root-202 makeStyles-tag-198 MuiChip-sizeSmall-203"
            >
              <span
                class="MuiChip-label-224 MuiChip-labelSmall-225"
              >
                Aura
              </span>
            </div>
          </div>
        </div>
      </div>
      <div
        class="MuiGrid-root-13 MuiGrid-container-14 MuiGrid-item-15 MuiGrid-align-items-xs-center-22 MuiGrid-justify-content-xs-flex-end-32 MuiGrid-grid-xs-true-47"
      >
        <div
          class="MuiBox-root-238 MuiBox-root-291 makeStyles-root-232"
        >
          <div
            class="MuiBox-root-238 MuiBox-root-292"
          >
            <h6
              class="MuiTypography-root-144 MuiTypography-subtitle1-155 MuiTypography-colorTextPrimary-169 MuiTypography-displayInline-172"
            >
              New Vault
            </h6>
            <img
              alt="apy info icon"
              class="makeStyles-apyInfo-234"
              src="/assets/icons/apy-info.svg"
            />
          </div>
          <div
            class="MuiBox-root-238 MuiBox-root-293"
          >
            <p
              class="MuiTypography-root-144 makeStyles-projectedApr-235 MuiTypography-body1-146"
            >
              Current: 
              34.29%
            </p>
          </div>
        </div>
      </div>
      <div
        class="MuiGrid-root-13 MuiGrid-container-14 MuiGrid-item-15 MuiGrid-justify-content-xs-flex-end-32 MuiGrid-grid-xs-true-47"
      >
        <div
          class="MuiBox-root-238 MuiBox-root-296"
        >
          <p
            class="MuiTypography-root-144 makeStyles-itemText-188 MuiTypography-body1-146"
          >
            0 
          </p>
        </div>
      </div>
      <div
        class="MuiGrid-root-13 MuiGrid-container-14 MuiGrid-item-15 MuiGrid-justify-content-xs-flex-end-32 MuiGrid-grid-xs-true-47"
      >
        <div
          class="MuiBox-root-238 MuiBox-root-299"
        >
          <p
            class="MuiTypography-root-144 makeStyles-itemText-188 MuiTypography-body1-146"
          >
            $544,871
          </p>
        </div>
      </div>
    </div>
  </div>
  <div
    class="MuiPaper-root-116 MuiCard-root-195 MuiGrid-root-13 makeStyles-root-186 MuiGrid-container-14 MuiGrid-direction-xs-column-17 MuiPaper-elevation1-120 MuiPaper-rounded-117"
  >
    <div
      class="MuiGrid-root-13 MuiGrid-container-14 MuiGrid-spacing-xs-2-37 MuiGrid-item-15"
    >
      <div
        class="MuiGrid-root-13 makeStyles-iconBadgeContainer-190 MuiGrid-container-14 MuiGrid-item-15 MuiGrid-grid-xs-auto-46"
      >
        <div
          class="makeStyles-root-196"
        >
          <img
            alt="WBTC logo"
            class="makeStyles-position-300"
            src="/assets/icons/wbtc.svg"
          />
          <img
            alt="DIGG logo"
            class="makeStyles-position-301"
            src="/assets/icons/digg.svg"
          />
          <img
            alt="graviAURA logo"
            class="makeStyles-position-302"
            src="/assets/icons/graviaura.svg"
          />
        </div>
      </div>
      <div
        class="MuiGrid-root-13 MuiGrid-container-14 MuiGrid-item-15 MuiGrid-align-items-xs-center-22 MuiGrid-grid-xs-true-47 MuiGrid-grid-lg-5-94"
      >
        <h6
          class="MuiTypography-root-144 makeStyles-vaultName-191 MuiTypography-subtitle1-155"
        >
          graviAURA/DIGG/WBTC
        </h6>
        <div
          class="MuiGrid-root-13 MuiGrid-container-14 MuiGrid-spacing-xs-2-37"
        >
          <div
            class="MuiGrid-root-13 MuiGrid-item-15 MuiGrid-grid-xs-auto-46"
          >
            <div
              class="MuiChip-root-202 makeStyles-tag-198 makeStyles-clickableTag-200 MuiChip-sizeSmall-203"
            >
              <span
                class="MuiChip-label-224 MuiChip-labelSmall-225"
              >
                experimental
              </span>
            </div>
          </div>
          <div
            class="MuiGrid-root-13 MuiGrid-item-15 MuiGrid-grid-xs-auto-46"
          >
            <div
              class="MuiChip-root-202 makeStyles-tag-198 MuiChip-sizeSmall-203"
            >
              <span
                class="MuiChip-label-224 MuiChip-labelSmall-225"
              >
                Aura
              </span>
            </div>
          </div>
        </div>
      </div>
      <div
        class="MuiGrid-root-13 MuiGrid-container-14 MuiGrid-item-15 MuiGrid-align-items-xs-center-22 MuiGrid-justify-content-xs-flex-end-32 MuiGrid-grid-xs-true-47"
      >
        <div
          class="MuiBox-root-238 MuiBox-root-303 makeStyles-root-232"
        >
          <div
            class="MuiBox-root-238 MuiBox-root-304"
          >
            <h6
              class="MuiTypography-root-144 MuiTypography-subtitle1-155 MuiTypography-colorTextPrimary-169 MuiTypography-displayInline-172"
            >
              New Vault
            </h6>
            <img
              alt="apy info icon"
              class="makeStyles-apyInfo-234"
              src="/assets/icons/apy-info.svg"
            />
          </div>
          <div
            class="MuiBox-root-238 MuiBox-root-305"
          >
            <p
              class="MuiTypography-root-144 makeStyles-projectedApr-235 MuiTypography-body1-146"
            >
              Current: 
              297.48%
            </p>
          </div>
        </div>
      </div>
      <div
        class="MuiGrid-root-13 MuiGrid-container-14 MuiGrid-item-15 MuiGrid-justify-content-xs-flex-end-32 MuiGrid-grid-xs-true-47"
      >
        <div
          class="MuiBox-root-238 MuiBox-root-308"
        >
          <p
            class="MuiTypography-root-144 makeStyles-itemText-188 MuiTypography-body1-146"
          >
            0 
          </p>
        </div>
      </div>
      <div
        class="MuiGrid-root-13 MuiGrid-container-14 MuiGrid-item-15 MuiGrid-justify-content-xs-flex-end-32 MuiGrid-grid-xs-true-47"
      >
        <div
          class="MuiBox-root-238 MuiBox-root-311"
        >
          <p
            class="MuiTypography-root-144 makeStyles-itemText-188 MuiTypography-body1-146"
          >
            $798,703
          </p>
        </div>
      </div>
    </div>
  </div>
  <div
    class="MuiPaper-root-116 MuiCard-root-195 MuiGrid-root-13 makeStyles-root-186 MuiGrid-container-14 MuiGrid-direction-xs-column-17 MuiPaper-elevation1-120 MuiPaper-rounded-117"
  >
    <div
      class="MuiGrid-root-13 MuiGrid-container-14 MuiGrid-spacing-xs-2-37 MuiGrid-item-15"
    >
      <div
        class="MuiGrid-root-13 makeStyles-iconBadgeContainer-190 MuiGrid-container-14 MuiGrid-item-15 MuiGrid-grid-xs-auto-46"
      >
        <div
          class="makeStyles-root-196"
        >
          <img
            alt="CVX logo"
            class="makeStyles-position-312"
            src="/assets/icons/cvx.svg"
          />
          <img
            alt="bveCVX logo"
            class="makeStyles-position-313"
            src="/assets/icons/bvecvx.svg"
          />
        </div>
      </div>
      <div
        class="MuiGrid-root-13 MuiGrid-container-14 MuiGrid-item-15 MuiGrid-align-items-xs-center-22 MuiGrid-grid-xs-true-47 MuiGrid-grid-lg-5-94"
      >
        <h6
          class="MuiTypography-root-144 makeStyles-vaultName-191 MuiTypography-subtitle1-155"
        >
          CVX/bveCVX
        </h6>
        <div
          class="MuiGrid-root-13 MuiGrid-container-14 MuiGrid-spacing-xs-2-37"
        >
          <div
            class="MuiGrid-root-13 MuiGrid-item-15 MuiGrid-grid-xs-auto-46"
          >
            <div
              class="MuiChip-root-202 makeStyles-tag-198 MuiChip-sizeSmall-203"
            >
              <span
                class="MuiChip-label-224 MuiChip-labelSmall-225"
              >
                Curve
              </span>
            </div>
          </div>
        </div>
      </div>
      <div
        class="MuiGrid-root-13 MuiGrid-container-14 MuiGrid-item-15 MuiGrid-align-items-xs-center-22 MuiGrid-justify-content-xs-flex-end-32 MuiGrid-grid-xs-true-47"
      >
        <div
          class="MuiBox-root-238 MuiBox-root-314 makeStyles-root-232"
        >
          <div
            class="MuiBox-root-238 MuiBox-root-315"
          >
            <p
              class="MuiTypography-root-144 MuiTypography-body1-146 MuiTypography-colorTextPrimary-169 MuiTypography-displayInline-172"
            >
              20.46%
            </p>
            <img
              alt="apy info icon"
              class="makeStyles-apyInfo-234"
              src="/assets/icons/apy-info.svg"
            />
          </div>
        </div>
      </div>
      <div
        class="MuiGrid-root-13 MuiGrid-container-14 MuiGrid-item-15 MuiGrid-justify-content-xs-flex-end-32 MuiGrid-grid-xs-true-47"
      >
        <div
          class="MuiBox-root-238 MuiBox-root-318"
        >
          <p
            class="MuiTypography-root-144 makeStyles-itemText-188 MuiTypography-body1-146"
          >
            0 
          </p>
        </div>
      </div>
      <div
        class="MuiGrid-root-13 MuiGrid-container-14 MuiGrid-item-15 MuiGrid-justify-content-xs-flex-end-32 MuiGrid-grid-xs-true-47"
      >
        <div
          class="MuiBox-root-238 MuiBox-root-321"
        >
          <p
            class="MuiTypography-root-144 makeStyles-itemText-188 MuiTypography-body1-146"
          >
            $1,232,538
          </p>
        </div>
      </div>
    </div>
  </div>
  <div
    class="MuiPaper-root-116 MuiCard-root-195 MuiGrid-root-13 makeStyles-root-186 MuiGrid-container-14 MuiGrid-direction-xs-column-17 MuiPaper-elevation1-120 MuiPaper-rounded-117"
  >
    <div
      class="MuiGrid-root-13 MuiGrid-container-14 MuiGrid-spacing-xs-2-37 MuiGrid-item-15"
    >
      <div
        class="MuiGrid-root-13 makeStyles-iconBadgeContainer-190 MuiGrid-container-14 MuiGrid-item-15 MuiGrid-grid-xs-auto-46"
      >
        <div
          class="makeStyles-root-196"
        />
      </div>
      <div
        class="MuiGrid-root-13 MuiGrid-container-14 MuiGrid-item-15 MuiGrid-align-items-xs-center-22 MuiGrid-grid-xs-true-47 MuiGrid-grid-lg-5-94"
      >
        <h6
          class="MuiTypography-root-144 makeStyles-vaultName-191 MuiTypography-subtitle1-155"
        >
          cvxCRV
        </h6>
        <div
          class="MuiGrid-root-13 MuiGrid-container-14 MuiGrid-spacing-xs-2-37"
        >
          <div
            class="MuiGrid-root-13 MuiGrid-item-15 MuiGrid-grid-xs-auto-46"
          >
            <div
              class="MuiChip-root-202 makeStyles-tag-198 MuiChip-sizeSmall-203"
            >
              <span
                class="MuiChip-label-224 MuiChip-labelSmall-225"
              >
                Convex
              </span>
            </div>
          </div>
          <div
            class="MuiGrid-root-13 MuiGrid-item-15 MuiGrid-grid-xs-auto-46"
          >
            <div
              class="MuiChip-root-202 makeStyles-tag-198 makeStyles-clickableTag-200 MuiChip-sizeSmall-203"
            >
              <span
                class="MuiChip-label-224 MuiChip-labelSmall-225"
              >
                Ecosystem Helper
              </span>
            </div>
          </div>
          <div
            class="MuiGrid-root-13 MuiGrid-item-15 MuiGrid-grid-xs-auto-46"
          >
            <div
              class="MuiChip-root-202 makeStyles-tag-198 MuiChip-sizeSmall-203"
            >
              <span
                class="MuiChip-label-224 MuiChip-labelSmall-225"
              >
                🚀 Boosted
              </span>
            </div>
          </div>
        </div>
      </div>
      <div
        class="MuiGrid-root-13 MuiGrid-container-14 MuiGrid-item-15 MuiGrid-align-items-xs-center-22 MuiGrid-justify-content-xs-flex-end-32 MuiGrid-grid-xs-true-47"
      >
        <div
          class="MuiBox-root-238 MuiBox-root-322 makeStyles-root-232"
        >
          <div
            class="MuiBox-root-238 MuiBox-root-323"
          >
            <p
              class="MuiTypography-root-144 MuiTypography-body1-146 MuiTypography-colorTextPrimary-169 MuiTypography-displayInline-172"
            >
              26.63%
            </p>
            <img
              alt="apy info icon"
              class="makeStyles-apyInfo-234"
              src="/assets/icons/apy-info.svg"
            />
          </div>
        </div>
      </div>
      <div
        class="MuiGrid-root-13 MuiGrid-container-14 MuiGrid-item-15 MuiGrid-justify-content-xs-flex-end-32 MuiGrid-grid-xs-true-47"
      >
        <div
          class="MuiBox-root-238 MuiBox-root-326"
        >
          <p
            class="MuiTypography-root-144 makeStyles-itemText-188 MuiTypography-body1-146"
          >
            0 
          </p>
        </div>
      </div>
      <div
        class="MuiGrid-root-13 MuiGrid-container-14 MuiGrid-item-15 MuiGrid-justify-content-xs-flex-end-32 MuiGrid-grid-xs-true-47"
      >
        <div
          class="MuiBox-root-238 MuiBox-root-329"
        >
          <p
            class="MuiTypography-root-144 makeStyles-itemText-188 MuiTypography-body1-146"
          >
            $5,841,390
          </p>
        </div>
      </div>
    </div>
  </div>
  <div
    class="MuiPaper-root-116 MuiCard-root-195 MuiGrid-root-13 makeStyles-root-186 MuiGrid-container-14 MuiGrid-direction-xs-column-17 MuiPaper-elevation1-120 MuiPaper-rounded-117"
  >
    <div
      class="MuiGrid-root-13 MuiGrid-container-14 MuiGrid-spacing-xs-2-37 MuiGrid-item-15"
    >
      <div
        class="MuiGrid-root-13 makeStyles-iconBadgeContainer-190 MuiGrid-container-14 MuiGrid-item-15 MuiGrid-grid-xs-auto-46"
      >
        <div
          class="makeStyles-root-196"
        >
          <img
            alt="wibBTC logo"
            class="makeStyles-position-330"
            src="/assets/icons/wibbtc.svg"
          />
          <img
            alt="crvRenWSBTC logo"
            class="makeStyles-position-331"
            src="/assets/icons/crvrenwsbtc.svg"
          />
        </div>
      </div>
      <div
        class="MuiGrid-root-13 MuiGrid-container-14 MuiGrid-item-15 MuiGrid-align-items-xs-center-22 MuiGrid-grid-xs-true-47 MuiGrid-grid-lg-5-94"
      >
        <h6
          class="MuiTypography-root-144 makeStyles-vaultName-191 MuiTypography-subtitle1-155"
        >
          ibBTC/crvsBTC
        </h6>
        <div
          class="MuiGrid-root-13 MuiGrid-container-14 MuiGrid-spacing-xs-2-37"
        >
          <div
            class="MuiGrid-root-13 MuiGrid-item-15 MuiGrid-grid-xs-auto-46"
          >
            <div
              class="MuiChip-root-202 makeStyles-tag-198 MuiChip-sizeSmall-203"
            >
              <span
                class="MuiChip-label-224 MuiChip-labelSmall-225"
              >
                Convex
              </span>
            </div>
          </div>
          <div
            class="MuiGrid-root-13 MuiGrid-item-15 MuiGrid-grid-xs-auto-46"
          >
            <div
              class="MuiChip-root-202 makeStyles-tag-198 MuiChip-sizeSmall-203"
            >
              <span
                class="MuiChip-label-224 MuiChip-labelSmall-225"
              >
                🚀 Boosted
              </span>
            </div>
          </div>
        </div>
      </div>
      <div
        class="MuiGrid-root-13 MuiGrid-container-14 MuiGrid-item-15 MuiGrid-align-items-xs-center-22 MuiGrid-justify-content-xs-flex-end-32 MuiGrid-grid-xs-true-47"
      >
        <div
          class="MuiBox-root-238 MuiBox-root-332 makeStyles-root-232"
        >
          <div
            class="MuiBox-root-238 MuiBox-root-333"
          >
            <p
              class="MuiTypography-root-144 MuiTypography-body1-146 MuiTypography-colorTextPrimary-169 MuiTypography-displayInline-172"
            >
              16.77%
            </p>
            <img
              alt="apy info icon"
              class="makeStyles-apyInfo-234"
              src="/assets/icons/apy-info.svg"
            />
          </div>
        </div>
      </div>
      <div
        class="MuiGrid-root-13 MuiGrid-container-14 MuiGrid-item-15 MuiGrid-justify-content-xs-flex-end-32 MuiGrid-grid-xs-true-47"
      >
        <div
          class="MuiBox-root-238 MuiBox-root-336"
        >
          <p
            class="MuiTypography-root-144 makeStyles-itemText-188 MuiTypography-body1-146"
          >
            0 
          </p>
        </div>
      </div>
      <div
        class="MuiGrid-root-13 MuiGrid-container-14 MuiGrid-item-15 MuiGrid-justify-content-xs-flex-end-32 MuiGrid-grid-xs-true-47"
      >
        <div
          class="MuiBox-root-238 MuiBox-root-339"
        >
          <p
            class="MuiTypography-root-144 makeStyles-itemText-188 MuiTypography-body1-146"
          >
            $27,471,043
          </p>
        </div>
      </div>
    </div>
  </div>
  <div
    class="MuiPaper-root-116 MuiCard-root-195 MuiGrid-root-13 makeStyles-root-186 MuiGrid-container-14 MuiGrid-direction-xs-column-17 MuiPaper-elevation1-120 MuiPaper-rounded-117"
  >
    <div
      class="MuiGrid-root-13 MuiGrid-container-14 MuiGrid-spacing-xs-2-37 MuiGrid-item-15"
    >
      <div
        class="MuiGrid-root-13 makeStyles-iconBadgeContainer-190 MuiGrid-container-14 MuiGrid-item-15 MuiGrid-grid-xs-auto-46"
      >
        <div
          class="makeStyles-root-196"
        >
          <img
            alt="BADGER logo"
            class="makeStyles-position-340"
            src="/assets/icons/badger.svg"
          />
          <img
            alt="WBTC logo"
            class="makeStyles-position-341"
            src="/assets/icons/wbtc.svg"
          />
        </div>
      </div>
      <div
        class="MuiGrid-root-13 MuiGrid-container-14 MuiGrid-item-15 MuiGrid-align-items-xs-center-22 MuiGrid-grid-xs-true-47 MuiGrid-grid-lg-5-94"
      >
        <h6
          class="MuiTypography-root-144 makeStyles-vaultName-191 MuiTypography-subtitle1-155"
        >
          BADGER/WBTC
        </h6>
        <div
          class="MuiGrid-root-13 MuiGrid-container-14 MuiGrid-spacing-xs-2-37"
        >
          <div
            class="MuiGrid-root-13 MuiGrid-item-15 MuiGrid-grid-xs-auto-46"
          >
            <div
              class="MuiChip-root-202 makeStyles-tag-198 MuiChip-sizeSmall-203"
            >
              <span
                class="MuiChip-label-224 MuiChip-labelSmall-225"
              >
                Convex
              </span>
            </div>
          </div>
        </div>
      </div>
      <div
        class="MuiGrid-root-13 MuiGrid-container-14 MuiGrid-item-15 MuiGrid-align-items-xs-center-22 MuiGrid-justify-content-xs-flex-end-32 MuiGrid-grid-xs-true-47"
      >
        <div
          class="MuiBox-root-238 MuiBox-root-342 makeStyles-root-232"
        >
          <div
            class="MuiBox-root-238 MuiBox-root-343"
          >
            <p
              class="MuiTypography-root-144 MuiTypography-body1-146 MuiTypography-colorTextPrimary-169 MuiTypography-displayInline-172"
            >
              19.15%
            </p>
            <img
              alt="apy info icon"
              class="makeStyles-apyInfo-234"
              src="/assets/icons/apy-info.svg"
            />
          </div>
        </div>
      </div>
      <div
        class="MuiGrid-root-13 MuiGrid-container-14 MuiGrid-item-15 MuiGrid-justify-content-xs-flex-end-32 MuiGrid-grid-xs-true-47"
      >
        <div
          class="MuiBox-root-238 MuiBox-root-346"
        >
          <p
            class="MuiTypography-root-144 makeStyles-itemText-188 MuiTypography-body1-146"
          >
            0 
          </p>
        </div>
      </div>
      <div
        class="MuiGrid-root-13 MuiGrid-container-14 MuiGrid-item-15 MuiGrid-justify-content-xs-flex-end-32 MuiGrid-grid-xs-true-47"
      >
        <div
          class="MuiBox-root-238 MuiBox-root-349"
        >
          <p
            class="MuiTypography-root-144 makeStyles-itemText-188 MuiTypography-body1-146"
          >
            $3,998,480
          </p>
        </div>
      </div>
    </div>
  </div>
  <div
    class="MuiPaper-root-116 MuiCard-root-195 MuiGrid-root-13 makeStyles-root-186 MuiGrid-container-14 MuiGrid-direction-xs-column-17 MuiPaper-elevation1-120 MuiPaper-rounded-117"
  >
    <div
      class="MuiGrid-root-13 MuiGrid-container-14 MuiGrid-spacing-xs-2-37 MuiGrid-item-15"
    >
      <div
        class="MuiGrid-root-13 makeStyles-iconBadgeContainer-190 MuiGrid-container-14 MuiGrid-item-15 MuiGrid-grid-xs-auto-46"
      >
        <div
          class="makeStyles-root-196"
        >
          <img
            alt="WBTC logo"
            class="makeStyles-position-350"
            src="/assets/icons/wbtc.svg"
          />
          <img
            alt="BADGER logo"
            class="makeStyles-position-351"
            src="/assets/icons/badger.svg"
          />
        </div>
      </div>
      <div
        class="MuiGrid-root-13 MuiGrid-container-14 MuiGrid-item-15 MuiGrid-align-items-xs-center-22 MuiGrid-grid-xs-true-47 MuiGrid-grid-lg-5-94"
      >
        <h6
          class="MuiTypography-root-144 makeStyles-vaultName-191 MuiTypography-subtitle1-155"
        >
          wBTC/Badger
        </h6>
        <div
          class="MuiGrid-root-13 MuiGrid-container-14 MuiGrid-spacing-xs-2-37"
        >
          <div
            class="MuiGrid-root-13 MuiGrid-item-15 MuiGrid-grid-xs-auto-46"
          >
            <div
              class="MuiChip-root-202 makeStyles-tag-198 MuiChip-sizeSmall-203"
            >
              <span
                class="MuiChip-label-224 MuiChip-labelSmall-225"
              >
                Sushiswap
              </span>
            </div>
          </div>
        </div>
      </div>
      <div
        class="MuiGrid-root-13 MuiGrid-container-14 MuiGrid-item-15 MuiGrid-align-items-xs-center-22 MuiGrid-justify-content-xs-flex-end-32 MuiGrid-grid-xs-true-47"
      >
        <div
          class="MuiBox-root-238 MuiBox-root-352 makeStyles-root-232"
        >
          <div
            class="MuiBox-root-238 MuiBox-root-353"
          >
            <p
              class="MuiTypography-root-144 MuiTypography-body1-146 MuiTypography-colorTextPrimary-169 MuiTypography-displayInline-172"
            >
              21.17%
            </p>
            <img
              alt="apy info icon"
              class="makeStyles-apyInfo-234"
              src="/assets/icons/apy-info.svg"
            />
          </div>
        </div>
      </div>
      <div
        class="MuiGrid-root-13 MuiGrid-container-14 MuiGrid-item-15 MuiGrid-justify-content-xs-flex-end-32 MuiGrid-grid-xs-true-47"
      >
        <div
          class="MuiBox-root-238 MuiBox-root-356"
        >
          <p
            class="MuiTypography-root-144 makeStyles-itemText-188 MuiTypography-body1-146"
          >
            0 
          </p>
        </div>
      </div>
      <div
        class="MuiGrid-root-13 MuiGrid-container-14 MuiGrid-item-15 MuiGrid-justify-content-xs-flex-end-32 MuiGrid-grid-xs-true-47"
      >
        <div
          class="MuiBox-root-238 MuiBox-root-359"
        >
          <p
            class="MuiTypography-root-144 makeStyles-itemText-188 MuiTypography-body1-146"
          >
            $1,530,831
          </p>
        </div>
      </div>
    </div>
  </div>
  <div
    class="MuiPaper-root-116 MuiCard-root-195 MuiGrid-root-13 makeStyles-root-186 MuiGrid-container-14 MuiGrid-direction-xs-column-17 MuiPaper-elevation1-120 MuiPaper-rounded-117"
  >
    <div
      class="MuiGrid-root-13 MuiGrid-container-14 MuiGrid-spacing-xs-2-37 MuiGrid-item-15"
    >
      <div
        class="MuiGrid-root-13 makeStyles-iconBadgeContainer-190 MuiGrid-container-14 MuiGrid-item-15 MuiGrid-grid-xs-auto-46"
      >
        <div
          class="makeStyles-root-196"
        >
          <img
            alt="WBTC logo"
            class="makeStyles-position-360"
            src="/assets/icons/wbtc.svg"
          />
        </div>
      </div>
      <div
        class="MuiGrid-root-13 MuiGrid-container-14 MuiGrid-item-15 MuiGrid-align-items-xs-center-22 MuiGrid-grid-xs-true-47 MuiGrid-grid-lg-5-94"
      >
        <h6
          class="MuiTypography-root-144 makeStyles-vaultName-191 MuiTypography-subtitle1-155"
        >
          wBTC
        </h6>
        <div
          class="MuiGrid-root-13 MuiGrid-container-14 MuiGrid-spacing-xs-2-37"
        >
          <div
            class="MuiGrid-root-13 MuiGrid-item-15 MuiGrid-grid-xs-auto-46"
          >
            <div
              class="MuiChip-root-202 makeStyles-tag-198 MuiChip-sizeSmall-203"
            >
              <span
                class="MuiChip-label-224 MuiChip-labelSmall-225"
              >
                Yearn
              </span>
            </div>
          </div>
        </div>
      </div>
      <div
        class="MuiGrid-root-13 MuiGrid-container-14 MuiGrid-item-15 MuiGrid-align-items-xs-center-22 MuiGrid-justify-content-xs-flex-end-32 MuiGrid-grid-xs-true-47"
      >
        <p
          class="MuiTypography-root-144 makeStyles-apr-233 MuiTypography-body1-146 MuiTypography-colorTextPrimary-169"
        >
          --%
        </p>
      </div>
      <div
        class="MuiGrid-root-13 MuiGrid-container-14 MuiGrid-item-15 MuiGrid-justify-content-xs-flex-end-32 MuiGrid-grid-xs-true-47"
      >
        <div
          class="MuiBox-root-238 MuiBox-root-363"
        >
          <p
            class="MuiTypography-root-144 makeStyles-itemText-188 MuiTypography-body1-146"
          >
            0 
          </p>
        </div>
      </div>
      <div
        class="MuiGrid-root-13 MuiGrid-container-14 MuiGrid-item-15 MuiGrid-justify-content-xs-flex-end-32 MuiGrid-grid-xs-true-47"
      >
        <div
          class="MuiBox-root-238 MuiBox-root-366"
        >
          <p
            class="MuiTypography-root-144 makeStyles-itemText-188 MuiTypography-body1-146"
          >
            $2,942,012
          </p>
        </div>
      </div>
    </div>
  </div>
  <div
    class="MuiPaper-root-116 MuiCard-root-195 MuiGrid-root-13 makeStyles-root-186 MuiGrid-container-14 MuiGrid-direction-xs-column-17 MuiPaper-elevation1-120 MuiPaper-rounded-117"
  >
    <div
      class="MuiGrid-root-13 MuiGrid-container-14 MuiGrid-spacing-xs-2-37 MuiGrid-item-15"
    >
      <div
        class="MuiGrid-root-13 makeStyles-iconBadgeContainer-190 MuiGrid-container-14 MuiGrid-item-15 MuiGrid-grid-xs-auto-46"
      >
        <div
          class="makeStyles-root-196"
        >
          <img
            alt="WBTC logo"
            class="makeStyles-position-367"
            src="/assets/icons/wbtc.svg"
          />
          <img
            alt="WETH logo"
            class="makeStyles-position-368"
            src="/assets/icons/weth.svg"
          />
        </div>
      </div>
      <div
        class="MuiGrid-root-13 MuiGrid-container-14 MuiGrid-item-15 MuiGrid-align-items-xs-center-22 MuiGrid-grid-xs-true-47 MuiGrid-grid-lg-5-94"
      >
        <h6
          class="MuiTypography-root-144 makeStyles-vaultName-191 MuiTypography-subtitle1-155"
        >
          wBTC/wETH
        </h6>
        <div
          class="MuiGrid-root-13 MuiGrid-container-14 MuiGrid-spacing-xs-2-37"
        >
          <div
            class="MuiGrid-root-13 MuiGrid-item-15 MuiGrid-grid-xs-auto-46"
          >
            <div
              class="MuiChip-root-202 makeStyles-tag-198 MuiChip-sizeSmall-203"
            >
              <span
                class="MuiChip-label-224 MuiChip-labelSmall-225"
              >
                Sushiswap
              </span>
            </div>
          </div>
        </div>
      </div>
      <div
        class="MuiGrid-root-13 MuiGrid-container-14 MuiGrid-item-15 MuiGrid-align-items-xs-center-22 MuiGrid-justify-content-xs-flex-end-32 MuiGrid-grid-xs-true-47"
      >
        <div
          class="MuiBox-root-238 MuiBox-root-369 makeStyles-root-232"
        >
          <div
            class="MuiBox-root-238 MuiBox-root-370"
          >
            <p
              class="MuiTypography-root-144 MuiTypography-body1-146 MuiTypography-colorTextPrimary-169 MuiTypography-displayInline-172"
            >
              2.60%
            </p>
            <img
              alt="apy info icon"
              class="makeStyles-apyInfo-234"
              src="/assets/icons/apy-info.svg"
            />
          </div>
        </div>
      </div>
      <div
        class="MuiGrid-root-13 MuiGrid-container-14 MuiGrid-item-15 MuiGrid-justify-content-xs-flex-end-32 MuiGrid-grid-xs-true-47"
      >
        <div
          class="MuiBox-root-238 MuiBox-root-373"
        >
          <p
            class="MuiTypography-root-144 makeStyles-itemText-188 MuiTypography-body1-146"
          >
            0 
          </p>
        </div>
      </div>
      <div
        class="MuiGrid-root-13 MuiGrid-container-14 MuiGrid-item-15 MuiGrid-justify-content-xs-flex-end-32 MuiGrid-grid-xs-true-47"
      >
        <div
          class="MuiBox-root-238 MuiBox-root-376"
        >
          <p
            class="MuiTypography-root-144 makeStyles-itemText-188 MuiTypography-body1-146"
          >
            $9,057,468
          </p>
        </div>
      </div>
    </div>
  </div>
  <div
    class="MuiPaper-root-116 MuiCard-root-195 MuiGrid-root-13 makeStyles-root-186 MuiGrid-container-14 MuiGrid-direction-xs-column-17 MuiPaper-elevation1-120 MuiPaper-rounded-117"
  >
    <div
      class="MuiGrid-root-13 MuiGrid-container-14 MuiGrid-spacing-xs-2-37 MuiGrid-item-15"
    >
      <div
        class="MuiGrid-root-13 makeStyles-iconBadgeContainer-190 MuiGrid-container-14 MuiGrid-item-15 MuiGrid-grid-xs-auto-46"
      >
        <div
          class="makeStyles-root-196"
        >
          <img
            alt="bb-a-USDT logo"
            class="makeStyles-position-377"
            src="/assets/icons/bb-a-usdt.svg"
          />
          <img
            alt="bb-a-DAI logo"
            class="makeStyles-position-378"
            src="/assets/icons/bb-a-dai.svg"
          />
          <img
            alt="bb-a-USDC logo"
            class="makeStyles-position-379"
            src="/assets/icons/bb-a-usdc.svg"
          />
        </div>
      </div>
      <div
        class="MuiGrid-root-13 MuiGrid-container-14 MuiGrid-item-15 MuiGrid-align-items-xs-center-22 MuiGrid-grid-xs-true-47 MuiGrid-grid-lg-5-94"
      >
        <h6
          class="MuiTypography-root-144 makeStyles-vaultName-191 MuiTypography-subtitle1-155"
        >
          bb-a-USD
        </h6>
        <div
          class="MuiGrid-root-13 MuiGrid-container-14 MuiGrid-spacing-xs-2-37"
        >
          <div
            class="MuiGrid-root-13 MuiGrid-item-15 MuiGrid-grid-xs-auto-46"
          >
            <div
              class="MuiChip-root-202 makeStyles-tag-198 makeStyles-clickableTag-200 MuiChip-sizeSmall-203"
            >
              <span
                class="MuiChip-label-224 MuiChip-labelSmall-225"
              >
                experimental
              </span>
            </div>
          </div>
          <div
            class="MuiGrid-root-13 MuiGrid-item-15 MuiGrid-grid-xs-auto-46"
          >
            <div
              class="MuiChip-root-202 makeStyles-tag-198 MuiChip-sizeSmall-203"
            >
              <span
                class="MuiChip-label-224 MuiChip-labelSmall-225"
              >
                Aura
              </span>
            </div>
          </div>
          <div
            class="MuiGrid-root-13 MuiGrid-item-15 MuiGrid-grid-xs-auto-46"
          >
            <div
              class="MuiChip-root-202 makeStyles-tag-198 makeStyles-clickableTag-200 MuiChip-sizeSmall-203"
            >
              <span
                class="MuiChip-label-224 MuiChip-labelSmall-225"
              >
                Ecosystem Helper
              </span>
            </div>
          </div>
        </div>
      </div>
      <div
        class="MuiGrid-root-13 MuiGrid-container-14 MuiGrid-item-15 MuiGrid-align-items-xs-center-22 MuiGrid-justify-content-xs-flex-end-32 MuiGrid-grid-xs-true-47"
      >
        <div
          class="MuiBox-root-238 MuiBox-root-380 makeStyles-root-232"
        >
          <div
            class="MuiBox-root-238 MuiBox-root-381"
          >
            <h6
              class="MuiTypography-root-144 MuiTypography-subtitle1-155 MuiTypography-colorTextPrimary-169 MuiTypography-displayInline-172"
            >
              New Vault
            </h6>
            <img
              alt="apy info icon"
              class="makeStyles-apyInfo-234"
              src="/assets/icons/apy-info.svg"
            />
          </div>
          <div
            class="MuiBox-root-238 MuiBox-root-382"
          >
            <p
              class="MuiTypography-root-144 makeStyles-projectedApr-235 MuiTypography-body1-146"
            >
              Current: 
              7.61%
            </p>
          </div>
        </div>
      </div>
      <div
        class="MuiGrid-root-13 MuiGrid-container-14 MuiGrid-item-15 MuiGrid-justify-content-xs-flex-end-32 MuiGrid-grid-xs-true-47"
      >
        <div
          class="MuiBox-root-238 MuiBox-root-385"
        >
          <p
            class="MuiTypography-root-144 makeStyles-itemText-188 MuiTypography-body1-146"
          >
            0 
          </p>
        </div>
      </div>
      <div
        class="MuiGrid-root-13 MuiGrid-container-14 MuiGrid-item-15 MuiGrid-justify-content-xs-flex-end-32 MuiGrid-grid-xs-true-47"
      >
        <div
          class="MuiBox-root-238 MuiBox-root-388"
        >
          <p
            class="MuiTypography-root-144 makeStyles-itemText-188 MuiTypography-body1-146"
          >
            $101,577
          </p>
        </div>
      </div>
    </div>
  </div>
  <div
    class="MuiPaper-root-116 MuiCard-root-195 MuiGrid-root-13 makeStyles-root-186 MuiGrid-container-14 MuiGrid-direction-xs-column-17 MuiPaper-elevation1-120 MuiPaper-rounded-117"
  >
    <div
      class="MuiGrid-root-13 MuiGrid-container-14 MuiGrid-spacing-xs-2-37 MuiGrid-item-15"
    >
      <div
        class="MuiGrid-root-13 makeStyles-iconBadgeContainer-190 MuiGrid-container-14 MuiGrid-item-15 MuiGrid-grid-xs-auto-46"
      >
        <div
          class="makeStyles-root-196"
        >
          <img
            alt="renBTC logo"
            class="makeStyles-position-389"
            src="/assets/icons/renbtc.svg"
          />
          <img
            alt="WBTC logo"
            class="makeStyles-position-390"
            src="/assets/icons/wbtc.svg"
          />
        </div>
      </div>
      <div
        class="MuiGrid-root-13 MuiGrid-container-14 MuiGrid-item-15 MuiGrid-align-items-xs-center-22 MuiGrid-grid-xs-true-47 MuiGrid-grid-lg-5-94"
      >
        <h6
          class="MuiTypography-root-144 makeStyles-vaultName-191 MuiTypography-subtitle1-155"
        >
          renBTC/wBTC
        </h6>
        <div
          class="MuiGrid-root-13 MuiGrid-container-14 MuiGrid-spacing-xs-2-37"
        >
          <div
            class="MuiGrid-root-13 MuiGrid-item-15 MuiGrid-grid-xs-auto-46"
          >
            <div
              class="MuiChip-root-202 makeStyles-tag-198 MuiChip-sizeSmall-203"
            >
              <span
                class="MuiChip-label-224 MuiChip-labelSmall-225"
              >
                Convex
              </span>
            </div>
          </div>
        </div>
      </div>
      <div
        class="MuiGrid-root-13 MuiGrid-container-14 MuiGrid-item-15 MuiGrid-align-items-xs-center-22 MuiGrid-justify-content-xs-flex-end-32 MuiGrid-grid-xs-true-47"
      >
        <div
          class="MuiBox-root-238 MuiBox-root-391 makeStyles-root-232"
        >
          <div
            class="MuiBox-root-238 MuiBox-root-392"
          >
            <p
              class="MuiTypography-root-144 MuiTypography-body1-146 MuiTypography-colorTextPrimary-169 MuiTypography-displayInline-172"
            >
              2.01%
            </p>
            <img
              alt="apy info icon"
              class="makeStyles-apyInfo-234"
              src="/assets/icons/apy-info.svg"
            />
          </div>
        </div>
      </div>
      <div
        class="MuiGrid-root-13 MuiGrid-container-14 MuiGrid-item-15 MuiGrid-justify-content-xs-flex-end-32 MuiGrid-grid-xs-true-47"
      >
        <div
          class="MuiBox-root-238 MuiBox-root-395"
        >
          <p
            class="MuiTypography-root-144 makeStyles-itemText-188 MuiTypography-body1-146"
          >
            0 
          </p>
        </div>
      </div>
      <div
        class="MuiGrid-root-13 MuiGrid-container-14 MuiGrid-item-15 MuiGrid-justify-content-xs-flex-end-32 MuiGrid-grid-xs-true-47"
      >
        <div
          class="MuiBox-root-238 MuiBox-root-398"
        >
          <p
            class="MuiTypography-root-144 makeStyles-itemText-188 MuiTypography-body1-146"
          >
            $18,683,481
          </p>
        </div>
      </div>
    </div>
  </div>
  <div
    class="MuiPaper-root-116 MuiCard-root-195 MuiGrid-root-13 makeStyles-root-186 MuiGrid-container-14 MuiGrid-direction-xs-column-17 MuiPaper-elevation1-120 MuiPaper-rounded-117"
  >
    <div
      class="MuiGrid-root-13 MuiGrid-container-14 MuiGrid-spacing-xs-2-37 MuiGrid-item-15"
    >
      <div
        class="MuiGrid-root-13 makeStyles-iconBadgeContainer-190 MuiGrid-container-14 MuiGrid-item-15 MuiGrid-grid-xs-auto-46"
      >
        <div
          class="makeStyles-root-196"
        >
          <img
            alt="USDT logo"
            class="makeStyles-position-399"
            src="/assets/icons/usdt.svg"
          />
          <img
            alt="WBTC logo"
            class="makeStyles-position-400"
            src="/assets/icons/wbtc.svg"
          />
          <img
            alt="WETH logo"
            class="makeStyles-position-401"
            src="/assets/icons/weth.svg"
          />
        </div>
      </div>
      <div
        class="MuiGrid-root-13 MuiGrid-container-14 MuiGrid-item-15 MuiGrid-align-items-xs-center-22 MuiGrid-grid-xs-true-47 MuiGrid-grid-lg-5-94"
      >
        <h6
          class="MuiTypography-root-144 makeStyles-vaultName-191 MuiTypography-subtitle1-155"
        >
          Tricrypto2
        </h6>
        <div
          class="MuiGrid-root-13 MuiGrid-container-14 MuiGrid-spacing-xs-2-37"
        >
          <div
            class="MuiGrid-root-13 MuiGrid-item-15 MuiGrid-grid-xs-auto-46"
          >
            <div
              class="MuiChip-root-202 makeStyles-tag-198 MuiChip-sizeSmall-203"
            >
              <span
                class="MuiChip-label-224 MuiChip-labelSmall-225"
              >
                Convex
              </span>
            </div>
          </div>
        </div>
      </div>
      <div
        class="MuiGrid-root-13 MuiGrid-container-14 MuiGrid-item-15 MuiGrid-align-items-xs-center-22 MuiGrid-justify-content-xs-flex-end-32 MuiGrid-grid-xs-true-47"
      >
        <div
          class="MuiBox-root-238 MuiBox-root-402 makeStyles-root-232"
        >
          <div
            class="MuiBox-root-238 MuiBox-root-403"
          >
            <p
              class="MuiTypography-root-144 MuiTypography-body1-146 MuiTypography-colorTextPrimary-169 MuiTypography-displayInline-172"
            >
              14.58%
            </p>
            <img
              alt="apy info icon"
              class="makeStyles-apyInfo-234"
              src="/assets/icons/apy-info.svg"
            />
          </div>
        </div>
      </div>
      <div
        class="MuiGrid-root-13 MuiGrid-container-14 MuiGrid-item-15 MuiGrid-justify-content-xs-flex-end-32 MuiGrid-grid-xs-true-47"
      >
        <div
          class="MuiBox-root-238 MuiBox-root-406"
        >
          <p
            class="MuiTypography-root-144 makeStyles-itemText-188 MuiTypography-body1-146"
          >
            0 
          </p>
        </div>
      </div>
      <div
        class="MuiGrid-root-13 MuiGrid-container-14 MuiGrid-item-15 MuiGrid-justify-content-xs-flex-end-32 MuiGrid-grid-xs-true-47"
      >
        <div
          class="MuiBox-root-238 MuiBox-root-409"
        >
          <p
            class="MuiTypography-root-144 makeStyles-itemText-188 MuiTypography-body1-146"
          >
            $893,363
          </p>
        </div>
      </div>
    </div>
  </div>
</div>
`;
