// Jest Snapshot v1, https://goo.gl/fbAQLP

exports[`VaultListDisplay displays empty search message 1`] = `
<div>
  <div
    class="MuiPaper-root-116 MuiGrid-root-13 makeStyles-root-9 MuiGrid-container-14 MuiGrid-item-15 MuiPaper-elevation1-120 MuiPaper-rounded-117"
  >
    <div
      class="MuiGrid-root-13 MuiGrid-container-14 MuiGrid-spacing-xs-2-37"
    >
      <div
        class="MuiGrid-root-13 makeStyles-spacingItem-11 MuiGrid-item-15 MuiGrid-grid-xs-auto-46"
      />
      <div
        class="MuiGrid-root-13 makeStyles-title-2 makeStyles-columnTitle-7 MuiGrid-container-14 MuiGrid-item-15 MuiGrid-align-items-xs-center-22 MuiGrid-grid-xs-true-47 MuiGrid-grid-lg-5-94"
      >
        <p
          class="MuiTypography-root-144 makeStyles-title-2 MuiTypography-body2-145 MuiTypography-colorTextSecondary-170"
        >
          Vault
        </p>
        <button
          aria-label="sort descending by name"
          class="MuiButtonBase-root-183 MuiIconButton-root-174 makeStyles-sortIcon-3 makeStyles-nonSetSort-5"
          tabindex="0"
          type="button"
        >
          <span
            class="MuiIconButton-label-182"
          >
            <img
              alt="sort-icon"
              class="makeStyles-sortIcon-3"
              src="/assets/icons/vaults-sort-icon.svg"
            />
          </span>
          <span
            class="MuiTouchRipple-root-242"
          />
        </button>
      </div>
      <div
        class="MuiGrid-root-13 makeStyles-title-2 makeStyles-columnTitle-7 MuiGrid-container-14 MuiGrid-item-15 MuiGrid-align-items-xs-center-22 MuiGrid-justify-content-xs-flex-end-32 MuiGrid-grid-xs-true-47"
      >
        <p
          class="MuiTypography-root-144 MuiTypography-body2-145 MuiTypography-colorTextSecondary-170"
        >
          APY
        </p>
        <button
          aria-label="sort descending by APR"
          class="MuiButtonBase-root-183 MuiIconButton-root-174 makeStyles-sortIcon-3 makeStyles-nonSetSort-5"
          tabindex="0"
          type="button"
        >
          <span
            class="MuiIconButton-label-182"
          >
            <img
              alt="sort-icon"
              class="makeStyles-sortIcon-3"
              src="/assets/icons/vaults-sort-icon.svg"
            />
          </span>
          <span
            class="MuiTouchRipple-root-242"
          />
        </button>
      </div>
      <div
        class="MuiGrid-root-13 makeStyles-title-2 makeStyles-columnTitle-7 MuiGrid-container-14 MuiGrid-item-15 MuiGrid-align-items-xs-center-22 MuiGrid-justify-content-xs-flex-end-32 MuiGrid-grid-xs-true-47"
      >
        <p
          class="MuiTypography-root-144 MuiTypography-body2-145 MuiTypography-colorTextSecondary-170"
        >
          My Deposits
        </p>
        <button
          aria-label="sort descending by balance"
          class="MuiButtonBase-root-183 MuiIconButton-root-174 makeStyles-sortIcon-3 makeStyles-nonSetSort-5"
          tabindex="0"
          type="button"
        >
          <span
            class="MuiIconButton-label-182"
          >
            <img
              alt="sort-icon"
              class="makeStyles-sortIcon-3"
              src="/assets/icons/vaults-sort-icon.svg"
            />
          </span>
          <span
            class="MuiTouchRipple-root-242"
          />
        </button>
      </div>
      <div
        class="MuiGrid-root-13 makeStyles-title-2 makeStyles-columnTitle-7 makeStyles-tvlColumn-8 MuiGrid-container-14 MuiGrid-item-15 MuiGrid-align-items-xs-center-22 MuiGrid-justify-content-xs-flex-end-32 MuiGrid-grid-xs-true-47"
      >
        <p
          class="MuiTypography-root-144 MuiTypography-body2-145 MuiTypography-colorTextSecondary-170"
        >
          TVL
        </p>
        <button
          aria-label="sort descending by TVL"
          class="MuiButtonBase-root-183 MuiIconButton-root-174 makeStyles-sortIcon-3 makeStyles-nonSetSort-5"
          tabindex="0"
          type="button"
        >
          <span
            class="MuiIconButton-label-182"
          >
            <img
              alt="sort-icon"
              class="makeStyles-sortIcon-3"
              src="/assets/icons/vaults-sort-icon.svg"
            />
          </span>
          <span
            class="MuiTouchRipple-root-242"
          />
        </button>
      </div>
    </div>
  </div>
  <div
    class="MuiPaper-root-116 MuiCard-root-189 MuiGrid-root-13 makeStyles-root-186 MuiGrid-container-14 MuiGrid-justify-content-xs-center-31 MuiPaper-elevation1-120 MuiPaper-rounded-117"
  >
    <div
      class="MuiGrid-root-13 makeStyles-content-188 MuiGrid-container-14 MuiGrid-item-15 MuiGrid-grid-xs-10-57 MuiGrid-grid-sm-6-67 MuiGrid-grid-md-3-78"
    >
      <div
        class="MuiGrid-root-13 MuiGrid-container-14 MuiGrid-spacing-xs-1-36 MuiGrid-direction-xs-column-17 MuiGrid-justify-content-xs-center-31"
      >
        <div
          class="MuiGrid-root-13 MuiGrid-item-15"
        >
          <img
            alt="vault search is empty"
            src="/assets/icons/empty-vaults-search.svg"
          />
        </div>
        <div
          class="MuiGrid-root-13 MuiGrid-item-15"
        >
          <h6
            class="MuiTypography-root-144 MuiTypography-h6-154 MuiTypography-colorTextSecondary-170"
          >
            Hmmm...
          </h6>
        </div>
      </div>
      <div
        class="MuiGrid-root-13 MuiGrid-container-14 MuiGrid-justify-content-xs-center-31"
      >
        <p
          class="MuiTypography-root-144 MuiTypography-body2-145"
        >
          We couldn't find any matches for your selected filters. Try other filters?
        </p>
      </div>
      <div
        class="MuiGrid-root-13 MuiGrid-container-14"
      >
        <div
          class="MuiGrid-root-13 MuiGrid-item-15 MuiGrid-grid-xs-12-59"
        >
          <button
            class="MuiButtonBase-root-183 MuiButton-root-190 MuiButton-contained-198 makeStyles-filtersButton-187 MuiButton-containedPrimary-199"
            tabindex="0"
            type="button"
          >
            <span
              class="MuiButton-label-191"
            >
              Filters
            </span>
            <span
              class="MuiTouchRipple-root-242"
            />
          </button>
        </div>
        <div
          class="MuiGrid-root-13 MuiGrid-item-15 MuiGrid-grid-xs-12-59"
        >
          <button
            class="MuiButtonBase-root-183 MuiButton-root-190 MuiButton-text-192 MuiButton-textPrimary-193"
            tabindex="0"
            type="button"
          >
            <span
              class="MuiButton-label-191"
            >
              Go Back To All Vaults
            </span>
            <span
              class="MuiTouchRipple-root-242"
            />
          </button>
        </div>
      </div>
    </div>
  </div>
</div>
`;

exports[`VaultListDisplay displays no vaults message 1`] = `
<div>
  <div
    class="MuiGrid-root-8 makeStyles-messageContainer-2 MuiGrid-container-9 MuiGrid-direction-xs-column-12"
  >
    <div
      class="MuiGrid-root-8 MuiGrid-container-9 MuiGrid-item-10 MuiGrid-justify-content-xs-center-26"
    >
      <img
        alt="Badger Builder"
        src="/assets/icons/screwdriver-badger.svg"
      />
    </div>
    <div
      class="MuiGrid-root-8 makeStyles-helpTextContainer-5 MuiGrid-container-9 MuiGrid-item-10 MuiGrid-direction-xs-column-12 MuiGrid-justify-content-xs-center-26"
    >
      <h5
        class="MuiTypography-root-111 MuiTypography-h5-120 MuiTypography-colorTextSecondary-137"
      >
        No vaults on
         
        Ethereum
        .
      </h5>
      <p
        class="MuiTypography-root-111 MuiTypography-body2-112 MuiTypography-colorTextSecondary-137"
      >
        Switch to another network to view more vaults.
      </p>
    </div>
    <div
      class="MuiGrid-root-8 makeStyles-switchButtonContainer-6 MuiGrid-container-9 MuiGrid-item-10 MuiGrid-justify-content-xs-center-26"
    >
      <button
        class="MuiButtonBase-root-170 MuiButton-root-141 MuiButton-outlined-146 MuiButton-outlinedPrimary-147"
        tabindex="0"
        type="button"
      >
        <span
          class="MuiButton-label-142"
        >
          Switch Networks
        </span>
        <span
          class="MuiTouchRipple-root-173"
        />
      </button>
    </div>
  </div>
</div>
`;

exports[`VaultListDisplay does not display deprecated vaults with no user balance 1`] = `
<div>
  <div
    class="MuiGrid-root-8 makeStyles-messageContainer-2 MuiGrid-container-9 MuiGrid-direction-xs-column-12"
  >
    <div
      class="MuiGrid-root-8 MuiGrid-container-9 MuiGrid-item-10 MuiGrid-justify-content-xs-center-26"
    >
      <img
        alt="Badger Builder"
        src="/assets/icons/screwdriver-badger.svg"
      />
    </div>
    <div
      class="MuiGrid-root-8 makeStyles-helpTextContainer-5 MuiGrid-container-9 MuiGrid-item-10 MuiGrid-direction-xs-column-12 MuiGrid-justify-content-xs-center-26"
    >
      <h5
        class="MuiTypography-root-111 MuiTypography-h5-120 MuiTypography-colorTextSecondary-137"
      >
        No vaults on
         
        Ethereum
        .
      </h5>
      <p
        class="MuiTypography-root-111 MuiTypography-body2-112 MuiTypography-colorTextSecondary-137"
      >
        Switch to another network to view more vaults.
      </p>
    </div>
    <div
      class="MuiGrid-root-8 makeStyles-switchButtonContainer-6 MuiGrid-container-9 MuiGrid-item-10 MuiGrid-justify-content-xs-center-26"
    >
      <button
        class="MuiButtonBase-root-170 MuiButton-root-141 MuiButton-outlined-146 MuiButton-outlinedPrimary-147"
        tabindex="0"
        type="button"
      >
        <span
          class="MuiButton-label-142"
        >
          Switch Networks
        </span>
        <span
          class="MuiTouchRipple-root-173"
        />
      </button>
    </div>
  </div>
</div>
`;

exports[`VaultListDisplay uses default sort criteria by default 1`] = `
<div>
  <div
    class="MuiPaper-root-116 MuiGrid-root-13 makeStyles-root-9 MuiGrid-container-14 MuiGrid-item-15 MuiPaper-elevation1-120 MuiPaper-rounded-117"
  >
    <div
      class="MuiGrid-root-13 MuiGrid-container-14 MuiGrid-spacing-xs-2-37"
    >
      <div
        class="MuiGrid-root-13 makeStyles-spacingItem-11 MuiGrid-item-15 MuiGrid-grid-xs-auto-46"
      />
      <div
        class="MuiGrid-root-13 makeStyles-title-2 makeStyles-columnTitle-7 MuiGrid-container-14 MuiGrid-item-15 MuiGrid-align-items-xs-center-22 MuiGrid-grid-xs-true-47 MuiGrid-grid-lg-5-94"
      >
        <p
          class="MuiTypography-root-144 makeStyles-title-2 MuiTypography-body2-145 MuiTypography-colorTextSecondary-170"
        >
          Vault
        </p>
        <button
          aria-label="sort descending by name"
          class="MuiButtonBase-root-183 MuiIconButton-root-174 makeStyles-sortIcon-3 makeStyles-nonSetSort-5"
          tabindex="0"
          type="button"
        >
          <span
            class="MuiIconButton-label-182"
          >
            <img
              alt="sort-icon"
              class="makeStyles-sortIcon-3"
              src="/assets/icons/vaults-sort-icon.svg"
            />
          </span>
          <span
            class="MuiTouchRipple-root-477"
          />
        </button>
      </div>
      <div
        class="MuiGrid-root-13 makeStyles-title-2 makeStyles-columnTitle-7 MuiGrid-container-14 MuiGrid-item-15 MuiGrid-align-items-xs-center-22 MuiGrid-justify-content-xs-flex-end-32 MuiGrid-grid-xs-true-47"
      >
        <p
          class="MuiTypography-root-144 MuiTypography-body2-145 MuiTypography-colorTextSecondary-170"
        >
          APY
        </p>
        <button
          aria-label="sort descending by APR"
          class="MuiButtonBase-root-183 MuiIconButton-root-174 makeStyles-sortIcon-3 makeStyles-nonSetSort-5"
          tabindex="0"
          type="button"
        >
          <span
            class="MuiIconButton-label-182"
          >
            <img
              alt="sort-icon"
              class="makeStyles-sortIcon-3"
              src="/assets/icons/vaults-sort-icon.svg"
            />
          </span>
          <span
            class="MuiTouchRipple-root-477"
          />
        </button>
      </div>
      <div
        class="MuiGrid-root-13 makeStyles-title-2 makeStyles-columnTitle-7 MuiGrid-container-14 MuiGrid-item-15 MuiGrid-align-items-xs-center-22 MuiGrid-justify-content-xs-flex-end-32 MuiGrid-grid-xs-true-47"
      >
        <p
          class="MuiTypography-root-144 MuiTypography-body2-145 MuiTypography-colorTextSecondary-170"
        >
          My Deposits
        </p>
        <button
          aria-label="sort descending by balance"
          class="MuiButtonBase-root-183 MuiIconButton-root-174 makeStyles-sortIcon-3 makeStyles-nonSetSort-5"
          tabindex="0"
          type="button"
        >
          <span
            class="MuiIconButton-label-182"
          >
            <img
              alt="sort-icon"
              class="makeStyles-sortIcon-3"
              src="/assets/icons/vaults-sort-icon.svg"
            />
          </span>
          <span
            class="MuiTouchRipple-root-477"
          />
        </button>
      </div>
      <div
        class="MuiGrid-root-13 makeStyles-title-2 makeStyles-columnTitle-7 makeStyles-tvlColumn-8 MuiGrid-container-14 MuiGrid-item-15 MuiGrid-align-items-xs-center-22 MuiGrid-justify-content-xs-flex-end-32 MuiGrid-grid-xs-true-47"
      >
        <p
          class="MuiTypography-root-144 MuiTypography-body2-145 MuiTypography-colorTextSecondary-170"
        >
          TVL
        </p>
        <button
          aria-label="sort descending by TVL"
          class="MuiButtonBase-root-183 MuiIconButton-root-174 makeStyles-sortIcon-3 makeStyles-nonSetSort-5"
          tabindex="0"
          type="button"
        >
          <span
            class="MuiIconButton-label-182"
          >
            <img
              alt="sort-icon"
              class="makeStyles-sortIcon-3"
              src="/assets/icons/vaults-sort-icon.svg"
            />
          </span>
          <span
            class="MuiTouchRipple-root-477"
          />
        </button>
      </div>
    </div>
  </div>
  <div
    class="MuiPaper-root-116 MuiCard-root-195 MuiGrid-root-13 makeStyles-root-186 MuiGrid-container-14 MuiGrid-direction-xs-column-17 MuiPaper-elevation1-120 MuiPaper-rounded-117"
  >
    <div
      class="MuiGrid-root-13 MuiGrid-container-14 MuiGrid-spacing-xs-2-37 MuiGrid-item-15"
    >
      <div
        class="MuiGrid-root-13 makeStyles-iconBadgeContainer-190 MuiGrid-container-14 MuiGrid-item-15 MuiGrid-grid-xs-auto-46"
      >
        <div
          class="makeStyles-root-196"
        >
          <img
            alt="DIGG logo"
            class="makeStyles-position-197"
            height="32"
            src="/assets/icons/digg.svg"
            width="32"
          />
        </div>
      </div>
      <div
        class="MuiGrid-root-13 MuiGrid-container-14 MuiGrid-item-15 MuiGrid-align-items-xs-center-22 MuiGrid-grid-xs-true-47 MuiGrid-grid-lg-5-94"
      >
        <h6
          class="MuiTypography-root-144 makeStyles-vaultName-191 MuiTypography-subtitle1-155"
        >
          Digg
        </h6>
        <div
          class="MuiGrid-root-13 MuiGrid-container-14 MuiGrid-spacing-xs-2-37"
        >
          <div
            class="MuiGrid-root-13 MuiGrid-item-15 MuiGrid-grid-xs-auto-46"
          >
            <div
              class="MuiChip-root-202 makeStyles-tag-198 makeStyles-clickableTag-200 MuiChip-sizeSmall-203"
            >
              <span
                class="MuiChip-label-224 MuiChip-labelSmall-225"
              >
                discontinued
              </span>
            </div>
          </div>
          <div
            class="MuiGrid-root-13 MuiGrid-item-15 MuiGrid-grid-xs-auto-46"
          >
            <div
              class="MuiChip-root-202 makeStyles-tag-198 MuiChip-sizeSmall-203"
            >
              <span
                class="MuiChip-label-224 MuiChip-labelSmall-225"
              >
                Badger
              </span>
            </div>
          </div>
        </div>
      </div>
      <div
        class="MuiGrid-root-13 MuiGrid-container-14 MuiGrid-item-15 MuiGrid-align-items-xs-center-22 MuiGrid-justify-content-xs-flex-end-32 MuiGrid-grid-xs-true-47"
      >
        <div
          class="MuiBox-root-238 MuiBox-root-239 makeStyles-root-232"
        >
          <div
            class="MuiBox-root-238 MuiBox-root-240 makeStyles-aprDisplay-235"
          >
            <p
              class="MuiTypography-root-144 MuiTypography-body1-146 MuiTypography-colorTextPrimary-169 MuiTypography-displayInline-172"
            >
              0.00%
            </p>
            <img
              alt="apy info icon"
              class="makeStyles-apyInfo-234"
              height="24"
              src="/assets/icons/apy-info.svg"
              width="12"
            />
          </div>
        </div>
      </div>
      <div
        class="MuiGrid-root-13 MuiGrid-container-14 MuiGrid-item-15 MuiGrid-justify-content-xs-flex-end-32 MuiGrid-grid-xs-true-47"
      >
        <div
          class="MuiBox-root-238 MuiBox-root-286"
        >
          <p
            class="MuiTypography-root-144 makeStyles-itemText-188 MuiTypography-body1-146"
          >
            $0.00
          </p>
        </div>
      </div>
      <div
        class="MuiGrid-root-13 MuiGrid-container-14 MuiGrid-item-15 MuiGrid-justify-content-xs-flex-end-32 MuiGrid-grid-xs-true-47"
      >
        <div
          class="MuiBox-root-238 MuiBox-root-290"
        >
          <p
            class="MuiTypography-root-144 makeStyles-itemText-188 MuiTypography-body1-146"
          >
            $385,910
          </p>
        </div>
      </div>
    </div>
  </div>
  <div
    class="MuiPaper-root-116 MuiCard-root-195 MuiGrid-root-13 makeStyles-root-186 MuiGrid-container-14 MuiGrid-direction-xs-column-17 MuiPaper-elevation1-120 MuiPaper-rounded-117"
  >
    <div
      class="MuiGrid-root-13 MuiGrid-container-14 MuiGrid-spacing-xs-2-37 MuiGrid-item-15"
    >
      <div
        class="MuiGrid-root-13 makeStyles-iconBadgeContainer-190 MuiGrid-container-14 MuiGrid-item-15 MuiGrid-grid-xs-auto-46"
      >
        <div
          class="makeStyles-root-196"
        >
          <img
            alt="CVX logo"
            class="makeStyles-position-291"
            height="32"
            src="/assets/icons/cvx.svg"
            width="32"
          />
        </div>
      </div>
      <div
        class="MuiGrid-root-13 MuiGrid-container-14 MuiGrid-item-15 MuiGrid-align-items-xs-center-22 MuiGrid-grid-xs-true-47 MuiGrid-grid-lg-5-94"
      >
        <h6
          class="MuiTypography-root-144 makeStyles-vaultName-191 MuiTypography-subtitle1-155"
        >
          bveCVX
        </h6>
        <div
          class="MuiGrid-root-13 MuiGrid-container-14 MuiGrid-spacing-xs-2-37"
        >
          <div
            class="MuiGrid-root-13 MuiGrid-item-15 MuiGrid-grid-xs-auto-46"
          >
            <div
              class="MuiChip-root-202 makeStyles-tag-198 MuiChip-sizeSmall-203"
            >
              <span
                class="MuiChip-label-224 MuiChip-labelSmall-225"
              >
                Convex
              </span>
            </div>
          </div>
        </div>
      </div>
      <div
        class="MuiGrid-root-13 MuiGrid-container-14 MuiGrid-item-15 MuiGrid-align-items-xs-center-22 MuiGrid-justify-content-xs-flex-end-32 MuiGrid-grid-xs-true-47"
      >
        <div
          class="MuiBox-root-238 MuiBox-root-292 makeStyles-root-232"
        >
          <div
            class="MuiBox-root-238 MuiBox-root-293 makeStyles-aprDisplay-235"
          >
            <p
              class="MuiTypography-root-144 MuiTypography-body1-146 MuiTypography-colorTextPrimary-169 MuiTypography-displayInline-172"
            >
              28.32%
            </p>
            <img
              alt="apy info icon"
              class="makeStyles-apyInfo-234"
              height="24"
              src="/assets/icons/apy-info.svg"
              width="12"
            />
          </div>
          <div
            class="MuiBox-root-238 MuiBox-root-294 makeStyles-yieldBearingRewards-237"
          >
            <a
              class="MuiTypography-root-144 MuiLink-root-295 MuiLink-underlineHover-297 MuiTypography-colorPrimary-167"
            >
              <img
                alt="Yield-Bearing Rewards"
                height="15"
                src="assets/icons/yield-bearing-rewards.svg"
                width="9"
              />
               
              Yield-Bearing Rewards:
            </a>
            <span
              class="MuiTypography-root-144"
            >
              Rewards earn up to 
              28.32
              %
            </span>
          </div>
        </div>
      </div>
      <div
        class="MuiGrid-root-13 MuiGrid-container-14 MuiGrid-item-15 MuiGrid-justify-content-xs-flex-end-32 MuiGrid-grid-xs-true-47"
      >
        <div
          class="MuiBox-root-238 MuiBox-root-303"
        >
          <p
            class="MuiTypography-root-144 makeStyles-itemText-188 MuiTypography-body1-146"
          >
            0 
          </p>
        </div>
      </div>
      <div
        class="MuiGrid-root-13 MuiGrid-container-14 MuiGrid-item-15 MuiGrid-justify-content-xs-flex-end-32 MuiGrid-grid-xs-true-47"
      >
        <div
          class="MuiBox-root-238 MuiBox-root-306"
        >
          <p
            class="MuiTypography-root-144 makeStyles-itemText-188 MuiTypography-body1-146"
          >
            $13,738,345
          </p>
        </div>
      </div>
    </div>
  </div>
  <div
    class="MuiPaper-root-116 MuiCard-root-195 MuiGrid-root-13 makeStyles-root-186 MuiGrid-container-14 MuiGrid-direction-xs-column-17 MuiPaper-elevation1-120 MuiPaper-rounded-117"
  >
    <div
      class="MuiGrid-root-13 MuiGrid-container-14 MuiGrid-spacing-xs-2-37 MuiGrid-item-15"
    >
      <div
        class="MuiGrid-root-13 makeStyles-iconBadgeContainer-190 MuiGrid-container-14 MuiGrid-item-15 MuiGrid-grid-xs-auto-46"
      >
        <div
          class="makeStyles-root-196"
        >
          <img
            alt="AURA logo"
            class="makeStyles-position-307"
            height="32"
            src="/assets/icons/aura.svg"
            width="32"
          />
        </div>
      </div>
      <div
        class="MuiGrid-root-13 MuiGrid-container-14 MuiGrid-item-15 MuiGrid-align-items-xs-center-22 MuiGrid-grid-xs-true-47 MuiGrid-grid-lg-5-94"
      >
        <h6
          class="MuiTypography-root-144 makeStyles-vaultName-191 MuiTypography-subtitle1-155"
        >
          graviAURA
        </h6>
        <div
          class="MuiGrid-root-13 MuiGrid-container-14 MuiGrid-spacing-xs-2-37"
        >
          <div
            class="MuiGrid-root-13 MuiGrid-item-15 MuiGrid-grid-xs-auto-46"
          >
            <div
              class="MuiChip-root-202 makeStyles-tag-198 MuiChip-sizeSmall-203"
            >
              <span
                class="MuiChip-label-224 MuiChip-labelSmall-225"
              >
                Aura
              </span>
            </div>
          </div>
        </div>
      </div>
      <div
        class="MuiGrid-root-13 MuiGrid-container-14 MuiGrid-item-15 MuiGrid-align-items-xs-center-22 MuiGrid-justify-content-xs-flex-end-32 MuiGrid-grid-xs-true-47"
      >
        <div
          class="MuiBox-root-238 MuiBox-root-308 makeStyles-root-232"
        >
          <div
            class="MuiBox-root-238 MuiBox-root-309 makeStyles-aprDisplay-235"
          >
            <p
              class="MuiTypography-root-144 MuiTypography-body1-146 MuiTypography-colorTextPrimary-169 MuiTypography-displayInline-172"
            >
              80.91%
            </p>
            <img
              alt="apy info icon"
              class="makeStyles-apyInfo-234"
              height="24"
              src="/assets/icons/apy-info.svg"
              width="12"
            />
          </div>
          <div
            class="MuiBox-root-238 MuiBox-root-310 makeStyles-yieldBearingRewards-237"
          >
            <a
              class="MuiTypography-root-144 MuiLink-root-295 MuiLink-underlineHover-297 MuiTypography-colorPrimary-167"
            >
              <img
                alt="Yield-Bearing Rewards"
                height="15"
                src="assets/icons/yield-bearing-rewards.svg"
                width="9"
              />
               
              Yield-Bearing Rewards:
            </a>
            <span
              class="MuiTypography-root-144"
            >
              Rewards earn up to 
              80.91
              %
            </span>
          </div>
        </div>
      </div>
      <div
        class="MuiGrid-root-13 MuiGrid-container-14 MuiGrid-item-15 MuiGrid-justify-content-xs-flex-end-32 MuiGrid-grid-xs-true-47"
      >
        <div
          class="MuiBox-root-238 MuiBox-root-313"
        >
          <p
            class="MuiTypography-root-144 makeStyles-itemText-188 MuiTypography-body1-146"
          >
            0 
          </p>
        </div>
      </div>
      <div
        class="MuiGrid-root-13 MuiGrid-container-14 MuiGrid-item-15 MuiGrid-justify-content-xs-flex-end-32 MuiGrid-grid-xs-true-47"
      >
        <div
          class="MuiBox-root-238 MuiBox-root-316"
        >
          <p
            class="MuiTypography-root-144 makeStyles-itemText-188 MuiTypography-body1-146"
          >
            $2,753,168
          </p>
        </div>
      </div>
    </div>
  </div>
  <div
    class="MuiPaper-root-116 MuiCard-root-195 MuiGrid-root-13 makeStyles-root-186 MuiGrid-container-14 MuiGrid-direction-xs-column-17 MuiPaper-elevation1-120 MuiPaper-rounded-117"
  >
    <div
      class="MuiGrid-root-13 MuiGrid-container-14 MuiGrid-spacing-xs-2-37 MuiGrid-item-15"
    >
      <div
        class="MuiGrid-root-13 makeStyles-iconBadgeContainer-190 MuiGrid-container-14 MuiGrid-item-15 MuiGrid-grid-xs-auto-46"
      >
        <div
          class="makeStyles-root-196"
        >
          <img
            alt="auraBAL logo"
            class="makeStyles-position-317"
            height="32"
            src="/assets/icons/aurabal.svg"
            width="32"
          />
        </div>
      </div>
      <div
        class="MuiGrid-root-13 MuiGrid-container-14 MuiGrid-item-15 MuiGrid-align-items-xs-center-22 MuiGrid-grid-xs-true-47 MuiGrid-grid-lg-5-94"
      >
        <h6
          class="MuiTypography-root-144 makeStyles-vaultName-191 MuiTypography-subtitle1-155"
        >
          auraBAL
        </h6>
        <div
          class="MuiGrid-root-13 MuiGrid-container-14 MuiGrid-spacing-xs-2-37"
        >
          <div
            class="MuiGrid-root-13 MuiGrid-item-15 MuiGrid-grid-xs-auto-46"
          >
            <div
              class="MuiChip-root-202 makeStyles-tag-198 MuiChip-sizeSmall-203"
            >
              <span
                class="MuiChip-label-224 MuiChip-labelSmall-225"
              >
                Aura
              </span>
            </div>
          </div>
          <div
            class="MuiGrid-root-13 MuiGrid-item-15 MuiGrid-grid-xs-auto-46"
          >
            <div
              class="MuiChip-root-202 makeStyles-tag-198 makeStyles-clickableTag-200 MuiChip-sizeSmall-203"
            >
              <span
                class="MuiChip-label-224 MuiChip-labelSmall-225"
              >
                Ecosystem Helper
              </span>
            </div>
          </div>
        </div>
      </div>
      <div
        class="MuiGrid-root-13 MuiGrid-container-14 MuiGrid-item-15 MuiGrid-align-items-xs-center-22 MuiGrid-justify-content-xs-flex-end-32 MuiGrid-grid-xs-true-47"
      >
        <div
          class="MuiBox-root-238 MuiBox-root-318 makeStyles-root-232"
        >
          <div
            class="MuiBox-root-238 MuiBox-root-319 makeStyles-aprDisplay-235"
          >
            <p
              class="MuiTypography-root-144 MuiTypography-body1-146 MuiTypography-colorTextPrimary-169 MuiTypography-displayInline-172"
            >
              65.00%
            </p>
            <img
              alt="apy info icon"
              class="makeStyles-apyInfo-234"
              height="24"
              src="/assets/icons/apy-info.svg"
              width="12"
            />
          </div>
          <div
            class="MuiBox-root-238 MuiBox-root-320 makeStyles-yieldBearingRewards-237"
          >
            <a
              class="MuiTypography-root-144 MuiLink-root-295 MuiLink-underlineHover-297 MuiTypography-colorPrimary-167"
            >
              <img
                alt="Yield-Bearing Rewards"
                height="15"
                src="assets/icons/yield-bearing-rewards.svg"
                width="9"
              />
               
              Yield-Bearing Rewards:
            </a>
            <span
              class="MuiTypography-root-144"
            >
              Rewards earn up to 
              80.91
              %
            </span>
          </div>
        </div>
      </div>
      <div
        class="MuiGrid-root-13 MuiGrid-container-14 MuiGrid-item-15 MuiGrid-justify-content-xs-flex-end-32 MuiGrid-grid-xs-true-47"
      >
        <div
          class="MuiBox-root-238 MuiBox-root-323"
        >
          <p
            class="MuiTypography-root-144 makeStyles-itemText-188 MuiTypography-body1-146"
          >
            0 
          </p>
        </div>
      </div>
      <div
        class="MuiGrid-root-13 MuiGrid-container-14 MuiGrid-item-15 MuiGrid-justify-content-xs-flex-end-32 MuiGrid-grid-xs-true-47"
      >
        <div
          class="MuiBox-root-238 MuiBox-root-326"
        >
          <p
            class="MuiTypography-root-144 makeStyles-itemText-188 MuiTypography-body1-146"
          >
            $836,428
          </p>
        </div>
      </div>
    </div>
  </div>
  <div
    class="MuiPaper-root-116 MuiCard-root-195 MuiGrid-root-13 makeStyles-root-186 MuiGrid-container-14 MuiGrid-direction-xs-column-17 MuiPaper-elevation1-120 MuiPaper-rounded-117"
  >
    <div
      class="MuiGrid-root-13 MuiGrid-container-14 MuiGrid-spacing-xs-2-37 MuiGrid-item-15"
    >
      <div
        class="MuiGrid-root-13 makeStyles-iconBadgeContainer-190 MuiGrid-container-14 MuiGrid-item-15 MuiGrid-grid-xs-auto-46"
      >
        <div
          class="makeStyles-root-196"
        >
          <img
            alt="auraBAL logo"
            class="makeStyles-position-327"
            height="32"
            src="/assets/icons/aurabal.svg"
            width="32"
          />
          <img
            alt="graviAURA logo"
            class="makeStyles-position-328"
            height="32"
            src="/assets/icons/graviaura.svg"
            width="32"
          />
          <img
            alt="WETH logo"
            class="makeStyles-position-329"
            height="32"
            src="/assets/icons/weth.svg"
            width="32"
          />
        </div>
      </div>
      <div
        class="MuiGrid-root-13 MuiGrid-container-14 MuiGrid-item-15 MuiGrid-align-items-xs-center-22 MuiGrid-grid-xs-true-47 MuiGrid-grid-lg-5-94"
      >
        <h6
          class="MuiTypography-root-144 makeStyles-vaultName-191 MuiTypography-subtitle1-155"
        >
          graviAURA/auraBAL/WETH
        </h6>
        <div
          class="MuiGrid-root-13 MuiGrid-container-14 MuiGrid-spacing-xs-2-37"
        >
          <div
            class="MuiGrid-root-13 MuiGrid-item-15 MuiGrid-grid-xs-auto-46"
          >
            <div
              class="MuiChip-root-202 makeStyles-tag-198 MuiChip-sizeSmall-203"
            >
              <span
                class="MuiChip-label-224 MuiChip-labelSmall-225"
              >
                Aura
              </span>
            </div>
          </div>
        </div>
      </div>
      <div
        class="MuiGrid-root-13 MuiGrid-container-14 MuiGrid-item-15 MuiGrid-align-items-xs-center-22 MuiGrid-justify-content-xs-flex-end-32 MuiGrid-grid-xs-true-47"
      >
        <div
          class="MuiBox-root-238 MuiBox-root-330 makeStyles-root-232"
        >
          <div
            class="MuiBox-root-238 MuiBox-root-331 makeStyles-aprDisplay-235"
          >
            <p
              class="MuiTypography-root-144 MuiTypography-body1-146 MuiTypography-colorTextPrimary-169 MuiTypography-displayInline-172"
            >
              95.64%
            </p>
            <img
              alt="apy info icon"
              class="makeStyles-apyInfo-234"
              height="24"
              src="/assets/icons/apy-info.svg"
              width="12"
            />
          </div>
          <div
            class="MuiBox-root-238 MuiBox-root-332 makeStyles-yieldBearingRewards-237"
          >
            <a
              class="MuiTypography-root-144 MuiLink-root-295 MuiLink-underlineHover-297 MuiTypography-colorPrimary-167"
            >
              <img
                alt="Yield-Bearing Rewards"
                height="15"
                src="assets/icons/yield-bearing-rewards.svg"
                width="9"
              />
               
              Yield-Bearing Rewards:
            </a>
            <span
              class="MuiTypography-root-144"
            >
              Rewards earn up to 
              80.91
              %
            </span>
          </div>
        </div>
      </div>
      <div
        class="MuiGrid-root-13 MuiGrid-container-14 MuiGrid-item-15 MuiGrid-justify-content-xs-flex-end-32 MuiGrid-grid-xs-true-47"
      >
        <div
          class="MuiBox-root-238 MuiBox-root-335"
        >
          <p
            class="MuiTypography-root-144 makeStyles-itemText-188 MuiTypography-body1-146"
          >
            0 
          </p>
        </div>
      </div>
      <div
        class="MuiGrid-root-13 MuiGrid-container-14 MuiGrid-item-15 MuiGrid-justify-content-xs-flex-end-32 MuiGrid-grid-xs-true-47"
      >
        <div
          class="MuiBox-root-238 MuiBox-root-338"
        >
          <p
            class="MuiTypography-root-144 makeStyles-itemText-188 MuiTypography-body1-146"
          >
            $106,996
          </p>
        </div>
      </div>
    </div>
  </div>
  <div
    class="MuiPaper-root-116 MuiCard-root-195 MuiGrid-root-13 makeStyles-root-186 MuiGrid-container-14 MuiGrid-direction-xs-column-17 MuiPaper-elevation1-120 MuiPaper-rounded-117"
  >
    <div
      class="MuiGrid-root-13 MuiGrid-container-14 MuiGrid-spacing-xs-2-37 MuiGrid-item-15"
    >
      <div
        class="MuiGrid-root-13 makeStyles-iconBadgeContainer-190 MuiGrid-container-14 MuiGrid-item-15 MuiGrid-grid-xs-auto-46"
      >
        <div
          class="makeStyles-root-196"
        >
          <img
            alt="WBTC logo"
            class="makeStyles-position-339"
            height="32"
            src="/assets/icons/wbtc.svg"
            width="32"
          />
          <img
            alt="BADGER logo"
            class="makeStyles-position-340"
            height="32"
            src="/assets/icons/badger.svg"
            width="32"
          />
        </div>
      </div>
      <div
        class="MuiGrid-root-13 MuiGrid-container-14 MuiGrid-item-15 MuiGrid-align-items-xs-center-22 MuiGrid-grid-xs-true-47 MuiGrid-grid-lg-5-94"
      >
        <h6
          class="MuiTypography-root-144 makeStyles-vaultName-191 MuiTypography-subtitle1-155"
        >
          BADGER/WBTC
        </h6>
        <div
          class="MuiGrid-root-13 MuiGrid-container-14 MuiGrid-spacing-xs-2-37"
        >
          <div
            class="MuiGrid-root-13 MuiGrid-item-15 MuiGrid-grid-xs-auto-46"
          >
            <div
              class="MuiChip-root-202 makeStyles-tag-198 MuiChip-sizeSmall-203"
            >
              <span
                class="MuiChip-label-224 MuiChip-labelSmall-225"
              >
                Aura
              </span>
            </div>
          </div>
        </div>
      </div>
      <div
        class="MuiGrid-root-13 MuiGrid-container-14 MuiGrid-item-15 MuiGrid-align-items-xs-center-22 MuiGrid-justify-content-xs-flex-end-32 MuiGrid-grid-xs-true-47"
      >
        <div
          class="MuiBox-root-238 MuiBox-root-341 makeStyles-root-232"
        >
          <div
            class="MuiBox-root-238 MuiBox-root-342 makeStyles-aprDisplay-235"
          >
            <p
              class="MuiTypography-root-144 MuiTypography-body1-146 MuiTypography-colorTextPrimary-169 MuiTypography-displayInline-172"
            >
              166.58%
            </p>
            <img
              alt="apy info icon"
              class="makeStyles-apyInfo-234"
              height="24"
              src="/assets/icons/apy-info.svg"
              width="12"
            />
          </div>
          <div
            class="MuiBox-root-238 MuiBox-root-343 makeStyles-yieldBearingRewards-237"
          >
            <a
              class="MuiTypography-root-144 MuiLink-root-295 MuiLink-underlineHover-297 MuiTypography-colorPrimary-167"
            >
              <img
                alt="Yield-Bearing Rewards"
                height="15"
                src="assets/icons/yield-bearing-rewards.svg"
                width="9"
              />
               
              Yield-Bearing Rewards:
            </a>
            <span
              class="MuiTypography-root-144"
            >
              Rewards earn up to 
              80.91
              %
            </span>
          </div>
        </div>
      </div>
      <div
        class="MuiGrid-root-13 MuiGrid-container-14 MuiGrid-item-15 MuiGrid-justify-content-xs-flex-end-32 MuiGrid-grid-xs-true-47"
      >
        <div
          class="MuiBox-root-238 MuiBox-root-346"
        >
          <p
            class="MuiTypography-root-144 makeStyles-itemText-188 MuiTypography-body1-146"
          >
            0 
          </p>
        </div>
      </div>
      <div
        class="MuiGrid-root-13 MuiGrid-container-14 MuiGrid-item-15 MuiGrid-justify-content-xs-flex-end-32 MuiGrid-grid-xs-true-47"
      >
        <div
          class="MuiBox-root-238 MuiBox-root-349"
        >
          <p
            class="MuiTypography-root-144 makeStyles-itemText-188 MuiTypography-body1-146"
          >
            $2,739,793
          </p>
        </div>
      </div>
    </div>
  </div>
  <div
    class="MuiPaper-root-116 MuiCard-root-195 MuiGrid-root-13 makeStyles-root-186 MuiGrid-container-14 MuiGrid-direction-xs-column-17 MuiPaper-elevation1-120 MuiPaper-rounded-117"
  >
    <div
      class="MuiGrid-root-13 MuiGrid-container-14 MuiGrid-spacing-xs-2-37 MuiGrid-item-15"
    >
      <div
        class="MuiGrid-root-13 makeStyles-iconBadgeContainer-190 MuiGrid-container-14 MuiGrid-item-15 MuiGrid-grid-xs-auto-46"
      >
        <div
          class="makeStyles-root-196"
        >
          <img
            alt="WBTC logo"
            class="makeStyles-position-350"
            height="32"
            src="/assets/icons/wbtc.svg"
            width="32"
          />
          <img
            alt="DIGG logo"
            class="makeStyles-position-351"
            height="32"
            src="/assets/icons/digg.svg"
            width="32"
          />
          <img
            alt="graviAURA logo"
            class="makeStyles-position-352"
            height="32"
            src="/assets/icons/graviaura.svg"
            width="32"
          />
        </div>
      </div>
      <div
        class="MuiGrid-root-13 MuiGrid-container-14 MuiGrid-item-15 MuiGrid-align-items-xs-center-22 MuiGrid-grid-xs-true-47 MuiGrid-grid-lg-5-94"
      >
        <h6
          class="MuiTypography-root-144 makeStyles-vaultName-191 MuiTypography-subtitle1-155"
        >
          graviAURA/DIGG/WBTC
        </h6>
        <div
          class="MuiGrid-root-13 MuiGrid-container-14 MuiGrid-spacing-xs-2-37"
        >
          <div
            class="MuiGrid-root-13 MuiGrid-item-15 MuiGrid-grid-xs-auto-46"
          >
            <div
              class="MuiChip-root-202 makeStyles-tag-198 MuiChip-sizeSmall-203"
            >
              <span
                class="MuiChip-label-224 MuiChip-labelSmall-225"
              >
                Aura
              </span>
            </div>
          </div>
        </div>
      </div>
      <div
        class="MuiGrid-root-13 MuiGrid-container-14 MuiGrid-item-15 MuiGrid-align-items-xs-center-22 MuiGrid-justify-content-xs-flex-end-32 MuiGrid-grid-xs-true-47"
      >
        <div
          class="MuiBox-root-238 MuiBox-root-353 makeStyles-root-232"
        >
          <div
            class="MuiBox-root-238 MuiBox-root-354 makeStyles-aprDisplay-235"
          >
            <p
              class="MuiTypography-root-144 MuiTypography-body1-146 MuiTypography-colorTextPrimary-169 MuiTypography-displayInline-172"
            >
              5.08%
            </p>
            <img
              alt="apy info icon"
              class="makeStyles-apyInfo-234"
              height="24"
              src="/assets/icons/apy-info.svg"
              width="12"
            />
          </div>
          <div
            class="MuiBox-root-238 MuiBox-root-355 makeStyles-yieldBearingRewards-237"
          >
            <a
              class="MuiTypography-root-144 MuiLink-root-295 MuiLink-underlineHover-297 MuiTypography-colorPrimary-167"
            >
              <img
                alt="Yield-Bearing Rewards"
                height="15"
                src="assets/icons/yield-bearing-rewards.svg"
                width="9"
              />
               
              Yield-Bearing Rewards:
            </a>
            <span
              class="MuiTypography-root-144"
            >
              Rewards earn up to 
              80.91
              %
            </span>
          </div>
        </div>
      </div>
      <div
        class="MuiGrid-root-13 MuiGrid-container-14 MuiGrid-item-15 MuiGrid-justify-content-xs-flex-end-32 MuiGrid-grid-xs-true-47"
      >
        <div
          class="MuiBox-root-238 MuiBox-root-358"
        >
          <p
            class="MuiTypography-root-144 makeStyles-itemText-188 MuiTypography-body1-146"
          >
            0 
          </p>
        </div>
      </div>
      <div
        class="MuiGrid-root-13 MuiGrid-container-14 MuiGrid-item-15 MuiGrid-justify-content-xs-flex-end-32 MuiGrid-grid-xs-true-47"
      >
        <div
          class="MuiBox-root-238 MuiBox-root-361"
        >
          <p
            class="MuiTypography-root-144 makeStyles-itemText-188 MuiTypography-body1-146"
          >
            $744,657
          </p>
        </div>
      </div>
    </div>
  </div>
  <div
    class="MuiPaper-root-116 MuiCard-root-195 MuiGrid-root-13 makeStyles-root-186 MuiGrid-container-14 MuiGrid-direction-xs-column-17 MuiPaper-elevation1-120 MuiPaper-rounded-117"
  >
    <div
      class="MuiGrid-root-13 MuiGrid-container-14 MuiGrid-spacing-xs-2-37 MuiGrid-item-15"
    >
      <div
        class="MuiGrid-root-13 makeStyles-iconBadgeContainer-190 MuiGrid-container-14 MuiGrid-item-15 MuiGrid-grid-xs-auto-46"
      >
        <div
          class="makeStyles-root-196"
        >
          <img
            alt="CVX logo"
            class="makeStyles-position-362"
            height="32"
            src="/assets/icons/cvx.svg"
            width="32"
          />
          <img
            alt="bveCVX logo"
            class="makeStyles-position-363"
            height="32"
            src="/assets/icons/bvecvx.svg"
            width="32"
          />
        </div>
      </div>
      <div
        class="MuiGrid-root-13 MuiGrid-container-14 MuiGrid-item-15 MuiGrid-align-items-xs-center-22 MuiGrid-grid-xs-true-47 MuiGrid-grid-lg-5-94"
      >
        <h6
          class="MuiTypography-root-144 makeStyles-vaultName-191 MuiTypography-subtitle1-155"
        >
          CVX/bveCVX
        </h6>
        <div
          class="MuiGrid-root-13 MuiGrid-container-14 MuiGrid-spacing-xs-2-37"
        >
          <div
            class="MuiGrid-root-13 MuiGrid-item-15 MuiGrid-grid-xs-auto-46"
          >
            <div
              class="MuiChip-root-202 makeStyles-tag-198 MuiChip-sizeSmall-203"
            >
              <span
                class="MuiChip-label-224 MuiChip-labelSmall-225"
              >
                Curve
              </span>
            </div>
          </div>
        </div>
      </div>
      <div
        class="MuiGrid-root-13 MuiGrid-container-14 MuiGrid-item-15 MuiGrid-align-items-xs-center-22 MuiGrid-justify-content-xs-flex-end-32 MuiGrid-grid-xs-true-47"
      >
        <div
          class="MuiBox-root-238 MuiBox-root-364 makeStyles-root-232"
        >
          <div
            class="MuiBox-root-238 MuiBox-root-365 makeStyles-aprDisplay-235"
          >
            <p
              class="MuiTypography-root-144 MuiTypography-body1-146 MuiTypography-colorTextPrimary-169 MuiTypography-displayInline-172"
            >
              36.69%
            </p>
            <img
              alt="apy info icon"
              class="makeStyles-apyInfo-234"
              height="24"
              src="/assets/icons/apy-info.svg"
              width="12"
            />
          </div>
          <div
            class="MuiBox-root-238 MuiBox-root-366 makeStyles-yieldBearingRewards-237"
          >
            <a
              class="MuiTypography-root-144 MuiLink-root-295 MuiLink-underlineHover-297 MuiTypography-colorPrimary-167"
            >
              <img
                alt="Yield-Bearing Rewards"
                height="15"
                src="assets/icons/yield-bearing-rewards.svg"
                width="9"
              />
               
              Yield-Bearing Rewards:
            </a>
            <span
              class="MuiTypography-root-144"
            >
              Rewards earn up to 
              28.32
              %
            </span>
          </div>
        </div>
      </div>
      <div
        class="MuiGrid-root-13 MuiGrid-container-14 MuiGrid-item-15 MuiGrid-justify-content-xs-flex-end-32 MuiGrid-grid-xs-true-47"
      >
        <div
          class="MuiBox-root-238 MuiBox-root-369"
        >
          <p
            class="MuiTypography-root-144 makeStyles-itemText-188 MuiTypography-body1-146"
          >
            0 
          </p>
        </div>
      </div>
      <div
        class="MuiGrid-root-13 MuiGrid-container-14 MuiGrid-item-15 MuiGrid-justify-content-xs-flex-end-32 MuiGrid-grid-xs-true-47"
      >
        <div
          class="MuiBox-root-238 MuiBox-root-372"
        >
          <p
            class="MuiTypography-root-144 makeStyles-itemText-188 MuiTypography-body1-146"
          >
            $832,345
          </p>
        </div>
      </div>
    </div>
  </div>
  <div
    class="MuiPaper-root-116 MuiCard-root-195 MuiGrid-root-13 makeStyles-root-186 MuiGrid-container-14 MuiGrid-direction-xs-column-17 MuiPaper-elevation1-120 MuiPaper-rounded-117"
  >
    <div
      class="MuiGrid-root-13 MuiGrid-container-14 MuiGrid-spacing-xs-2-37 MuiGrid-item-15"
    >
      <div
        class="MuiGrid-root-13 makeStyles-iconBadgeContainer-190 MuiGrid-container-14 MuiGrid-item-15 MuiGrid-grid-xs-auto-46"
      >
        <div
          class="makeStyles-root-196"
        >
          <img
            alt="cvxCRV logo"
            class="makeStyles-position-373"
            height="32"
            src="/assets/icons/cvxcrv.svg"
            width="32"
          />
        </div>
      </div>
      <div
        class="MuiGrid-root-13 MuiGrid-container-14 MuiGrid-item-15 MuiGrid-align-items-xs-center-22 MuiGrid-grid-xs-true-47 MuiGrid-grid-lg-5-94"
      >
        <h6
          class="MuiTypography-root-144 makeStyles-vaultName-191 MuiTypography-subtitle1-155"
        >
          cvxCRV
        </h6>
        <div
          class="MuiGrid-root-13 MuiGrid-container-14 MuiGrid-spacing-xs-2-37"
        >
          <div
            class="MuiGrid-root-13 MuiGrid-item-15 MuiGrid-grid-xs-auto-46"
          >
            <div
              class="MuiChip-root-202 makeStyles-tag-198 MuiChip-sizeSmall-203"
            >
              <span
                class="MuiChip-label-224 MuiChip-labelSmall-225"
              >
                Convex
              </span>
            </div>
          </div>
          <div
            class="MuiGrid-root-13 MuiGrid-item-15 MuiGrid-grid-xs-auto-46"
          >
            <div
              class="MuiChip-root-202 makeStyles-tag-198 makeStyles-clickableTag-200 MuiChip-sizeSmall-203"
            >
              <span
                class="MuiChip-label-224 MuiChip-labelSmall-225"
              >
                Ecosystem Helper
              </span>
            </div>
          </div>
          <div
            class="MuiGrid-root-13 MuiGrid-item-15 MuiGrid-grid-xs-auto-46"
          >
            <div
              class="MuiChip-root-202 makeStyles-tag-198 MuiChip-sizeSmall-203"
            >
              <span
                class="MuiChip-label-224 MuiChip-labelSmall-225"
              >
                🚀 Boosted
              </span>
            </div>
          </div>
        </div>
      </div>
      <div
        class="MuiGrid-root-13 MuiGrid-container-14 MuiGrid-item-15 MuiGrid-align-items-xs-center-22 MuiGrid-justify-content-xs-flex-end-32 MuiGrid-grid-xs-true-47"
      >
        <div
          class="MuiBox-root-238 MuiBox-root-374 makeStyles-root-232"
        >
          <div
            class="MuiBox-root-238 MuiBox-root-375 makeStyles-aprDisplay-235"
          >
            <p
              class="MuiTypography-root-144 MuiTypography-body1-146 MuiTypography-colorTextPrimary-169 MuiTypography-displayInline-172"
            >
              18.48%
            </p>
            <img
              alt="apy info icon"
              class="makeStyles-apyInfo-234"
              height="24"
              src="/assets/icons/apy-info.svg"
              width="12"
            />
          </div>
          <div
            class="MuiBox-root-238 MuiBox-root-376 makeStyles-yieldBearingRewards-237"
          >
            <a
              class="MuiTypography-root-144 MuiLink-root-295 MuiLink-underlineHover-297 MuiTypography-colorPrimary-167"
            >
              <img
                alt="Yield-Bearing Rewards"
                height="15"
                src="assets/icons/yield-bearing-rewards.svg"
                width="9"
              />
               
              Yield-Bearing Rewards:
            </a>
            <span
              class="MuiTypography-root-144"
            >
              Rewards earn up to 
              28.32
              %
            </span>
          </div>
        </div>
      </div>
      <div
        class="MuiGrid-root-13 MuiGrid-container-14 MuiGrid-item-15 MuiGrid-justify-content-xs-flex-end-32 MuiGrid-grid-xs-true-47"
      >
        <div
          class="MuiBox-root-238 MuiBox-root-379"
        >
          <p
            class="MuiTypography-root-144 makeStyles-itemText-188 MuiTypography-body1-146"
          >
            0 
          </p>
        </div>
      </div>
      <div
        class="MuiGrid-root-13 MuiGrid-container-14 MuiGrid-item-15 MuiGrid-justify-content-xs-flex-end-32 MuiGrid-grid-xs-true-47"
      >
        <div
          class="MuiBox-root-238 MuiBox-root-382"
        >
          <p
            class="MuiTypography-root-144 makeStyles-itemText-188 MuiTypography-body1-146"
          >
            $3,609,918
          </p>
        </div>
      </div>
    </div>
  </div>
  <div
    class="MuiPaper-root-116 MuiCard-root-195 MuiGrid-root-13 makeStyles-root-186 MuiGrid-container-14 MuiGrid-direction-xs-column-17 MuiPaper-elevation1-120 MuiPaper-rounded-117"
  >
    <div
      class="MuiGrid-root-13 MuiGrid-container-14 MuiGrid-spacing-xs-2-37 MuiGrid-item-15"
    >
      <div
        class="MuiGrid-root-13 makeStyles-iconBadgeContainer-190 MuiGrid-container-14 MuiGrid-item-15 MuiGrid-grid-xs-auto-46"
      >
        <div
          class="makeStyles-root-196"
        >
          <img
            alt="wibBTC logo"
            class="makeStyles-position-383"
            height="32"
            src="/assets/icons/wibbtc.svg"
            width="32"
          />
          <img
            alt="crvRenWSBTC logo"
            class="makeStyles-position-384"
            height="32"
            src="/assets/icons/crvrenwsbtc.svg"
            width="32"
          />
        </div>
      </div>
      <div
        class="MuiGrid-root-13 MuiGrid-container-14 MuiGrid-item-15 MuiGrid-align-items-xs-center-22 MuiGrid-grid-xs-true-47 MuiGrid-grid-lg-5-94"
      >
        <h6
          class="MuiTypography-root-144 makeStyles-vaultName-191 MuiTypography-subtitle1-155"
        >
          ibBTC/crvsBTC
        </h6>
        <div
          class="MuiGrid-root-13 MuiGrid-container-14 MuiGrid-spacing-xs-2-37"
        >
          <div
            class="MuiGrid-root-13 MuiGrid-item-15 MuiGrid-grid-xs-auto-46"
          >
            <div
              class="MuiChip-root-202 makeStyles-tag-198 MuiChip-sizeSmall-203"
            >
              <span
                class="MuiChip-label-224 MuiChip-labelSmall-225"
              >
                Convex
              </span>
            </div>
          </div>
          <div
            class="MuiGrid-root-13 MuiGrid-item-15 MuiGrid-grid-xs-auto-46"
          >
            <div
              class="MuiChip-root-202 makeStyles-tag-198 MuiChip-sizeSmall-203"
            >
              <span
                class="MuiChip-label-224 MuiChip-labelSmall-225"
              >
                🚀 Boosted
              </span>
            </div>
          </div>
        </div>
      </div>
      <div
        class="MuiGrid-root-13 MuiGrid-container-14 MuiGrid-item-15 MuiGrid-align-items-xs-center-22 MuiGrid-justify-content-xs-flex-end-32 MuiGrid-grid-xs-true-47"
      >
        <div
          class="MuiBox-root-238 MuiBox-root-385 makeStyles-root-232"
        >
          <div
            class="MuiBox-root-238 MuiBox-root-386 makeStyles-aprDisplay-235"
          >
            <p
              class="MuiTypography-root-144 MuiTypography-body1-146 MuiTypography-colorTextPrimary-169 MuiTypography-displayInline-172"
            >
              20.27%
            </p>
            <img
              alt="apy info icon"
              class="makeStyles-apyInfo-234"
              height="24"
              src="/assets/icons/apy-info.svg"
              width="12"
            />
          </div>
          <div
            class="MuiBox-root-238 MuiBox-root-387 makeStyles-yieldBearingRewards-237"
          >
            <a
              class="MuiTypography-root-144 MuiLink-root-295 MuiLink-underlineHover-297 MuiTypography-colorPrimary-167"
            >
              <img
                alt="Yield-Bearing Rewards"
                height="15"
                src="assets/icons/yield-bearing-rewards.svg"
                width="9"
              />
               
              Yield-Bearing Rewards:
            </a>
            <span
              class="MuiTypography-root-144"
            >
              Rewards earn up to 
              28.32
              %
            </span>
          </div>
        </div>
      </div>
      <div
        class="MuiGrid-root-13 MuiGrid-container-14 MuiGrid-item-15 MuiGrid-justify-content-xs-flex-end-32 MuiGrid-grid-xs-true-47"
      >
        <div
          class="MuiBox-root-238 MuiBox-root-390"
        >
          <p
            class="MuiTypography-root-144 makeStyles-itemText-188 MuiTypography-body1-146"
          >
            0 
          </p>
        </div>
      </div>
      <div
        class="MuiGrid-root-13 MuiGrid-container-14 MuiGrid-item-15 MuiGrid-justify-content-xs-flex-end-32 MuiGrid-grid-xs-true-47"
      >
        <div
          class="MuiBox-root-238 MuiBox-root-393"
        >
          <p
            class="MuiTypography-root-144 makeStyles-itemText-188 MuiTypography-body1-146"
          >
            $19,814,734
          </p>
        </div>
      </div>
    </div>
  </div>
  <div
    class="MuiPaper-root-116 MuiCard-root-195 MuiGrid-root-13 makeStyles-root-186 MuiGrid-container-14 MuiGrid-direction-xs-column-17 MuiPaper-elevation1-120 MuiPaper-rounded-117"
  >
    <div
      class="MuiGrid-root-13 MuiGrid-container-14 MuiGrid-spacing-xs-2-37 MuiGrid-item-15"
    >
      <div
        class="MuiGrid-root-13 makeStyles-iconBadgeContainer-190 MuiGrid-container-14 MuiGrid-item-15 MuiGrid-grid-xs-auto-46"
      >
        <div
          class="makeStyles-root-196"
        >
          <img
            alt="BADGER logo"
            class="makeStyles-position-394"
            height="32"
            src="/assets/icons/badger.svg"
            width="32"
          />
          <img
            alt="WBTC logo"
            class="makeStyles-position-395"
            height="32"
            src="/assets/icons/wbtc.svg"
            width="32"
          />
        </div>
      </div>
      <div
        class="MuiGrid-root-13 MuiGrid-container-14 MuiGrid-item-15 MuiGrid-align-items-xs-center-22 MuiGrid-grid-xs-true-47 MuiGrid-grid-lg-5-94"
      >
        <h6
          class="MuiTypography-root-144 makeStyles-vaultName-191 MuiTypography-subtitle1-155"
        >
          BADGER/WBTC
        </h6>
        <div
          class="MuiGrid-root-13 MuiGrid-container-14 MuiGrid-spacing-xs-2-37"
        >
          <div
            class="MuiGrid-root-13 MuiGrid-item-15 MuiGrid-grid-xs-auto-46"
          >
            <div
              class="MuiChip-root-202 makeStyles-tag-198 MuiChip-sizeSmall-203"
            >
              <span
                class="MuiChip-label-224 MuiChip-labelSmall-225"
              >
                Convex
              </span>
            </div>
          </div>
        </div>
      </div>
      <div
        class="MuiGrid-root-13 MuiGrid-container-14 MuiGrid-item-15 MuiGrid-align-items-xs-center-22 MuiGrid-justify-content-xs-flex-end-32 MuiGrid-grid-xs-true-47"
      >
        <div
          class="MuiBox-root-238 MuiBox-root-396 makeStyles-root-232"
        >
          <div
            class="MuiBox-root-238 MuiBox-root-397 makeStyles-aprDisplay-235"
          >
            <p
              class="MuiTypography-root-144 MuiTypography-body1-146 MuiTypography-colorTextPrimary-169 MuiTypography-displayInline-172"
            >
              4.77%
            </p>
            <img
              alt="apy info icon"
              class="makeStyles-apyInfo-234"
              height="24"
              src="/assets/icons/apy-info.svg"
              width="12"
            />
          </div>
          <div
            class="MuiBox-root-238 MuiBox-root-398 makeStyles-yieldBearingRewards-237"
          >
            <a
              class="MuiTypography-root-144 MuiLink-root-295 MuiLink-underlineHover-297 MuiTypography-colorPrimary-167"
            >
              <img
                alt="Yield-Bearing Rewards"
                height="15"
                src="assets/icons/yield-bearing-rewards.svg"
                width="9"
              />
               
              Yield-Bearing Rewards:
            </a>
            <span
              class="MuiTypography-root-144"
            >
              Rewards earn up to 
              28.32
              %
            </span>
          </div>
        </div>
      </div>
      <div
        class="MuiGrid-root-13 MuiGrid-container-14 MuiGrid-item-15 MuiGrid-justify-content-xs-flex-end-32 MuiGrid-grid-xs-true-47"
      >
        <div
          class="MuiBox-root-238 MuiBox-root-401"
        >
          <p
            class="MuiTypography-root-144 makeStyles-itemText-188 MuiTypography-body1-146"
          >
            0 
          </p>
        </div>
      </div>
      <div
        class="MuiGrid-root-13 MuiGrid-container-14 MuiGrid-item-15 MuiGrid-justify-content-xs-flex-end-32 MuiGrid-grid-xs-true-47"
      >
        <div
          class="MuiBox-root-238 MuiBox-root-404"
        >
          <p
            class="MuiTypography-root-144 makeStyles-itemText-188 MuiTypography-body1-146"
          >
            $2,708,612
          </p>
        </div>
      </div>
    </div>
  </div>
  <div
    class="MuiPaper-root-116 MuiCard-root-195 MuiGrid-root-13 makeStyles-root-186 MuiGrid-container-14 MuiGrid-direction-xs-column-17 MuiPaper-elevation1-120 MuiPaper-rounded-117"
  >
    <div
      class="MuiGrid-root-13 MuiGrid-container-14 MuiGrid-spacing-xs-2-37 MuiGrid-item-15"
    >
      <div
        class="MuiGrid-root-13 makeStyles-iconBadgeContainer-190 MuiGrid-container-14 MuiGrid-item-15 MuiGrid-grid-xs-auto-46"
      >
        <div
          class="makeStyles-root-196"
        >
          <img
            alt="WBTC logo"
            class="makeStyles-position-405"
            height="32"
            src="/assets/icons/wbtc.svg"
            width="32"
          />
          <img
            alt="BADGER logo"
            class="makeStyles-position-406"
            height="32"
            src="/assets/icons/badger.svg"
            width="32"
          />
        </div>
      </div>
      <div
        class="MuiGrid-root-13 MuiGrid-container-14 MuiGrid-item-15 MuiGrid-align-items-xs-center-22 MuiGrid-grid-xs-true-47 MuiGrid-grid-lg-5-94"
      >
        <h6
          class="MuiTypography-root-144 makeStyles-vaultName-191 MuiTypography-subtitle1-155"
        >
          wBTC/Badger
        </h6>
        <div
          class="MuiGrid-root-13 MuiGrid-container-14 MuiGrid-spacing-xs-2-37"
        >
          <div
            class="MuiGrid-root-13 MuiGrid-item-15 MuiGrid-grid-xs-auto-46"
          >
            <div
              class="MuiChip-root-202 makeStyles-tag-198 MuiChip-sizeSmall-203"
            >
              <span
                class="MuiChip-label-224 MuiChip-labelSmall-225"
              >
                Sushiswap
              </span>
            </div>
          </div>
        </div>
      </div>
      <div
        class="MuiGrid-root-13 MuiGrid-container-14 MuiGrid-item-15 MuiGrid-align-items-xs-center-22 MuiGrid-justify-content-xs-flex-end-32 MuiGrid-grid-xs-true-47"
      >
        <div
          class="MuiBox-root-238 MuiBox-root-407 makeStyles-root-232"
        >
          <div
            class="MuiBox-root-238 MuiBox-root-408 makeStyles-aprDisplay-235"
          >
            <p
              class="MuiTypography-root-144 MuiTypography-body1-146 MuiTypography-colorTextPrimary-169 MuiTypography-displayInline-172"
            >
              7.03%
            </p>
            <img
              alt="apy info icon"
              class="makeStyles-apyInfo-234"
              height="24"
              src="/assets/icons/apy-info.svg"
              width="12"
            />
          </div>
        </div>
      </div>
      <div
        class="MuiGrid-root-13 MuiGrid-container-14 MuiGrid-item-15 MuiGrid-justify-content-xs-flex-end-32 MuiGrid-grid-xs-true-47"
      >
        <div
          class="MuiBox-root-238 MuiBox-root-411"
        >
          <p
            class="MuiTypography-root-144 makeStyles-itemText-188 MuiTypography-body1-146"
          >
            0 
          </p>
        </div>
      </div>
      <div
        class="MuiGrid-root-13 MuiGrid-container-14 MuiGrid-item-15 MuiGrid-justify-content-xs-flex-end-32 MuiGrid-grid-xs-true-47"
      >
        <div
          class="MuiBox-root-238 MuiBox-root-414"
        >
          <p
            class="MuiTypography-root-144 makeStyles-itemText-188 MuiTypography-body1-146"
          >
            $1,224,135
          </p>
        </div>
      </div>
    </div>
  </div>
  <div
    class="MuiPaper-root-116 MuiCard-root-195 MuiGrid-root-13 makeStyles-root-186 MuiGrid-container-14 MuiGrid-direction-xs-column-17 MuiPaper-elevation1-120 MuiPaper-rounded-117"
  >
    <div
      class="MuiGrid-root-13 MuiGrid-container-14 MuiGrid-spacing-xs-2-37 MuiGrid-item-15"
    >
      <div
        class="MuiGrid-root-13 makeStyles-iconBadgeContainer-190 MuiGrid-container-14 MuiGrid-item-15 MuiGrid-grid-xs-auto-46"
      >
        <div
          class="makeStyles-root-196"
        >
          <img
            alt="WBTC logo"
            class="makeStyles-position-415"
            height="32"
            src="/assets/icons/wbtc.svg"
            width="32"
          />
        </div>
      </div>
      <div
        class="MuiGrid-root-13 MuiGrid-container-14 MuiGrid-item-15 MuiGrid-align-items-xs-center-22 MuiGrid-grid-xs-true-47 MuiGrid-grid-lg-5-94"
      >
        <h6
          class="MuiTypography-root-144 makeStyles-vaultName-191 MuiTypography-subtitle1-155"
        >
          wBTC
        </h6>
        <div
          class="MuiGrid-root-13 MuiGrid-container-14 MuiGrid-spacing-xs-2-37"
        >
          <div
            class="MuiGrid-root-13 MuiGrid-item-15 MuiGrid-grid-xs-auto-46"
          >
            <div
              class="MuiChip-root-202 makeStyles-tag-198 MuiChip-sizeSmall-203"
            >
              <span
                class="MuiChip-label-224 MuiChip-labelSmall-225"
              >
                Yearn
              </span>
            </div>
          </div>
        </div>
      </div>
      <div
        class="MuiGrid-root-13 MuiGrid-container-14 MuiGrid-item-15 MuiGrid-align-items-xs-center-22 MuiGrid-justify-content-xs-flex-end-32 MuiGrid-grid-xs-true-47"
      >
        <div
          class="MuiBox-root-238 MuiBox-root-416 makeStyles-root-232"
        >
          <div
            class="MuiBox-root-238 MuiBox-root-417 makeStyles-aprDisplay-235"
          >
            <p
              class="MuiTypography-root-144 MuiTypography-body1-146 MuiTypography-colorTextPrimary-169 MuiTypography-displayInline-172"
            >
              0.00%
            </p>
            <img
              alt="apy info icon"
              class="makeStyles-apyInfo-234"
              height="24"
              src="/assets/icons/apy-info.svg"
              width="12"
            />
          </div>
        </div>
      </div>
      <div
        class="MuiGrid-root-13 MuiGrid-container-14 MuiGrid-item-15 MuiGrid-justify-content-xs-flex-end-32 MuiGrid-grid-xs-true-47"
      >
        <div
          class="MuiBox-root-238 MuiBox-root-420"
        >
          <p
            class="MuiTypography-root-144 makeStyles-itemText-188 MuiTypography-body1-146"
          >
            0 
          </p>
        </div>
      </div>
      <div
        class="MuiGrid-root-13 MuiGrid-container-14 MuiGrid-item-15 MuiGrid-justify-content-xs-flex-end-32 MuiGrid-grid-xs-true-47"
      >
        <div
          class="MuiBox-root-238 MuiBox-root-423"
        >
          <p
            class="MuiTypography-root-144 makeStyles-itemText-188 MuiTypography-body1-146"
          >
            $1,565,378
          </p>
        </div>
      </div>
    </div>
  </div>
  <div
    class="MuiPaper-root-116 MuiCard-root-195 MuiGrid-root-13 makeStyles-root-186 MuiGrid-container-14 MuiGrid-direction-xs-column-17 MuiPaper-elevation1-120 MuiPaper-rounded-117"
  >
    <div
      class="MuiGrid-root-13 MuiGrid-container-14 MuiGrid-spacing-xs-2-37 MuiGrid-item-15"
    >
      <div
        class="MuiGrid-root-13 makeStyles-iconBadgeContainer-190 MuiGrid-container-14 MuiGrid-item-15 MuiGrid-grid-xs-auto-46"
      >
        <div
          class="makeStyles-root-196"
        >
          <img
            alt="WBTC logo"
            class="makeStyles-position-424"
            height="32"
            src="/assets/icons/wbtc.svg"
            width="32"
          />
          <img
            alt="WETH logo"
            class="makeStyles-position-425"
            height="32"
            src="/assets/icons/weth.svg"
            width="32"
          />
        </div>
      </div>
      <div
        class="MuiGrid-root-13 MuiGrid-container-14 MuiGrid-item-15 MuiGrid-align-items-xs-center-22 MuiGrid-grid-xs-true-47 MuiGrid-grid-lg-5-94"
      >
        <h6
          class="MuiTypography-root-144 makeStyles-vaultName-191 MuiTypography-subtitle1-155"
        >
          wBTC/wETH
        </h6>
        <div
          class="MuiGrid-root-13 MuiGrid-container-14 MuiGrid-spacing-xs-2-37"
        >
          <div
            class="MuiGrid-root-13 MuiGrid-item-15 MuiGrid-grid-xs-auto-46"
          >
            <div
              class="MuiChip-root-202 makeStyles-tag-198 MuiChip-sizeSmall-203"
            >
              <span
                class="MuiChip-label-224 MuiChip-labelSmall-225"
              >
                Sushiswap
              </span>
            </div>
          </div>
        </div>
      </div>
      <div
        class="MuiGrid-root-13 MuiGrid-container-14 MuiGrid-item-15 MuiGrid-align-items-xs-center-22 MuiGrid-justify-content-xs-flex-end-32 MuiGrid-grid-xs-true-47"
      >
        <div
          class="MuiBox-root-238 MuiBox-root-426 makeStyles-root-232"
        >
          <div
            class="MuiBox-root-238 MuiBox-root-427 makeStyles-aprDisplay-235"
          >
            <p
              class="MuiTypography-root-144 MuiTypography-body1-146 MuiTypography-colorTextPrimary-169 MuiTypography-displayInline-172"
            >
              2.23%
            </p>
            <img
              alt="apy info icon"
              class="makeStyles-apyInfo-234"
              height="24"
              src="/assets/icons/apy-info.svg"
              width="12"
            />
          </div>
        </div>
      </div>
      <div
        class="MuiGrid-root-13 MuiGrid-container-14 MuiGrid-item-15 MuiGrid-justify-content-xs-flex-end-32 MuiGrid-grid-xs-true-47"
      >
        <div
          class="MuiBox-root-238 MuiBox-root-430"
        >
          <p
            class="MuiTypography-root-144 makeStyles-itemText-188 MuiTypography-body1-146"
          >
            0 
          </p>
        </div>
      </div>
      <div
        class="MuiGrid-root-13 MuiGrid-container-14 MuiGrid-item-15 MuiGrid-justify-content-xs-flex-end-32 MuiGrid-grid-xs-true-47"
      >
        <div
          class="MuiBox-root-238 MuiBox-root-433"
        >
          <p
            class="MuiTypography-root-144 makeStyles-itemText-188 MuiTypography-body1-146"
          >
            $7,835,152
          </p>
        </div>
      </div>
    </div>
  </div>
  <div
    class="MuiPaper-root-116 MuiCard-root-195 MuiGrid-root-13 makeStyles-root-186 MuiGrid-container-14 MuiGrid-direction-xs-column-17 MuiPaper-elevation1-120 MuiPaper-rounded-117"
  >
    <div
      class="MuiGrid-root-13 MuiGrid-container-14 MuiGrid-spacing-xs-2-37 MuiGrid-item-15"
    >
      <div
        class="MuiGrid-root-13 makeStyles-iconBadgeContainer-190 MuiGrid-container-14 MuiGrid-item-15 MuiGrid-grid-xs-auto-46"
      >
        <div
          class="makeStyles-root-196"
        >
          <img
            alt="bb-a-USDT logo"
            class="makeStyles-position-434"
            height="32"
            src="/assets/icons/bb-a-usdt.svg"
            width="32"
          />
          <img
            alt="bb-a-DAI logo"
            class="makeStyles-position-435"
            height="32"
            src="/assets/icons/bb-a-dai.svg"
            width="32"
          />
          <img
            alt="bb-a-USDC logo"
            class="makeStyles-position-436"
            height="32"
            src="/assets/icons/bb-a-usdc.svg"
            width="32"
          />
        </div>
      </div>
      <div
        class="MuiGrid-root-13 MuiGrid-container-14 MuiGrid-item-15 MuiGrid-align-items-xs-center-22 MuiGrid-grid-xs-true-47 MuiGrid-grid-lg-5-94"
      >
        <h6
          class="MuiTypography-root-144 makeStyles-vaultName-191 MuiTypography-subtitle1-155"
        >
          bb-a-USD
        </h6>
        <div
          class="MuiGrid-root-13 MuiGrid-container-14 MuiGrid-spacing-xs-2-37"
        >
          <div
            class="MuiGrid-root-13 MuiGrid-item-15 MuiGrid-grid-xs-auto-46"
          >
            <div
              class="MuiChip-root-202 makeStyles-tag-198 MuiChip-sizeSmall-203"
            >
              <span
                class="MuiChip-label-224 MuiChip-labelSmall-225"
              >
                Aura
              </span>
            </div>
          </div>
        </div>
      </div>
      <div
        class="MuiGrid-root-13 MuiGrid-container-14 MuiGrid-item-15 MuiGrid-align-items-xs-center-22 MuiGrid-justify-content-xs-flex-end-32 MuiGrid-grid-xs-true-47"
      >
        <div
          class="MuiBox-root-238 MuiBox-root-437 makeStyles-root-232"
        >
          <div
            class="MuiBox-root-238 MuiBox-root-438 makeStyles-aprDisplay-235"
          >
            <p
              class="MuiTypography-root-144 MuiTypography-body1-146 MuiTypography-colorTextPrimary-169 MuiTypography-displayInline-172"
            >
              6.89%
            </p>
            <img
              alt="apy info icon"
              class="makeStyles-apyInfo-234"
              height="24"
              src="/assets/icons/apy-info.svg"
              width="12"
            />
          </div>
          <div
            class="MuiBox-root-238 MuiBox-root-439 makeStyles-yieldBearingRewards-237"
          >
            <a
              class="MuiTypography-root-144 MuiLink-root-295 MuiLink-underlineHover-297 MuiTypography-colorPrimary-167"
            >
              <img
                alt="Yield-Bearing Rewards"
                height="15"
                src="assets/icons/yield-bearing-rewards.svg"
                width="9"
              />
               
              Yield-Bearing Rewards:
            </a>
            <span
              class="MuiTypography-root-144"
            >
              Rewards earn up to 
              80.91
              %
            </span>
          </div>
        </div>
      </div>
      <div
        class="MuiGrid-root-13 MuiGrid-container-14 MuiGrid-item-15 MuiGrid-justify-content-xs-flex-end-32 MuiGrid-grid-xs-true-47"
      >
        <div
          class="MuiBox-root-238 MuiBox-root-442"
        >
          <p
            class="MuiTypography-root-144 makeStyles-itemText-188 MuiTypography-body1-146"
          >
            0 
          </p>
        </div>
      </div>
      <div
        class="MuiGrid-root-13 MuiGrid-container-14 MuiGrid-item-15 MuiGrid-justify-content-xs-flex-end-32 MuiGrid-grid-xs-true-47"
      >
        <div
          class="MuiBox-root-238 MuiBox-root-445"
        >
          <p
            class="MuiTypography-root-144 makeStyles-itemText-188 MuiTypography-body1-146"
          >
            $204,737
          </p>
        </div>
      </div>
    </div>
  </div>
  <div
    class="MuiPaper-root-116 MuiCard-root-195 MuiGrid-root-13 makeStyles-root-186 MuiGrid-container-14 MuiGrid-direction-xs-column-17 MuiPaper-elevation1-120 MuiPaper-rounded-117"
  >
    <div
      class="MuiGrid-root-13 MuiGrid-container-14 MuiGrid-spacing-xs-2-37 MuiGrid-item-15"
    >
      <div
        class="MuiGrid-root-13 makeStyles-iconBadgeContainer-190 MuiGrid-container-14 MuiGrid-item-15 MuiGrid-grid-xs-auto-46"
      >
        <div
          class="makeStyles-root-196"
        >
          <img
            alt="renBTC logo"
            class="makeStyles-position-446"
            height="32"
            src="/assets/icons/renbtc.svg"
            width="32"
          />
          <img
            alt="WBTC logo"
            class="makeStyles-position-447"
            height="32"
            src="/assets/icons/wbtc.svg"
            width="32"
          />
        </div>
      </div>
      <div
        class="MuiGrid-root-13 MuiGrid-container-14 MuiGrid-item-15 MuiGrid-align-items-xs-center-22 MuiGrid-grid-xs-true-47 MuiGrid-grid-lg-5-94"
      >
        <h6
          class="MuiTypography-root-144 makeStyles-vaultName-191 MuiTypography-subtitle1-155"
        >
          renBTC/wBTC
        </h6>
        <div
          class="MuiGrid-root-13 MuiGrid-container-14 MuiGrid-spacing-xs-2-37"
        >
          <div
            class="MuiGrid-root-13 MuiGrid-item-15 MuiGrid-grid-xs-auto-46"
          >
            <div
              class="MuiChip-root-202 makeStyles-tag-198 MuiChip-sizeSmall-203"
            >
              <span
                class="MuiChip-label-224 MuiChip-labelSmall-225"
              >
                Convex
              </span>
            </div>
          </div>
        </div>
      </div>
      <div
        class="MuiGrid-root-13 MuiGrid-container-14 MuiGrid-item-15 MuiGrid-align-items-xs-center-22 MuiGrid-justify-content-xs-flex-end-32 MuiGrid-grid-xs-true-47"
      >
        <div
          class="MuiBox-root-238 MuiBox-root-448 makeStyles-root-232"
        >
          <div
            class="MuiBox-root-238 MuiBox-root-449 makeStyles-aprDisplay-235"
          >
            <p
              class="MuiTypography-root-144 MuiTypography-body1-146 MuiTypography-colorTextPrimary-169 MuiTypography-displayInline-172"
            >
              0.92%
            </p>
            <img
              alt="apy info icon"
              class="makeStyles-apyInfo-234"
              height="24"
              src="/assets/icons/apy-info.svg"
              width="12"
            />
          </div>
          <div
            class="MuiBox-root-238 MuiBox-root-450 makeStyles-yieldBearingRewards-237"
          >
            <a
              class="MuiTypography-root-144 MuiLink-root-295 MuiLink-underlineHover-297 MuiTypography-colorPrimary-167"
            >
              <img
                alt="Yield-Bearing Rewards"
                height="15"
                src="assets/icons/yield-bearing-rewards.svg"
                width="9"
              />
               
              Yield-Bearing Rewards:
            </a>
            <span
              class="MuiTypography-root-144"
            >
              Rewards earn up to 
              28.32
              %
            </span>
          </div>
        </div>
      </div>
      <div
        class="MuiGrid-root-13 MuiGrid-container-14 MuiGrid-item-15 MuiGrid-justify-content-xs-flex-end-32 MuiGrid-grid-xs-true-47"
      >
        <div
          class="MuiBox-root-238 MuiBox-root-453"
        >
          <p
            class="MuiTypography-root-144 makeStyles-itemText-188 MuiTypography-body1-146"
          >
            0 
          </p>
        </div>
      </div>
      <div
        class="MuiGrid-root-13 MuiGrid-container-14 MuiGrid-item-15 MuiGrid-justify-content-xs-flex-end-32 MuiGrid-grid-xs-true-47"
      >
        <div
          class="MuiBox-root-238 MuiBox-root-456"
        >
          <p
            class="MuiTypography-root-144 makeStyles-itemText-188 MuiTypography-body1-146"
          >
            $13,628,486
          </p>
        </div>
      </div>
    </div>
  </div>
  <div
    class="MuiPaper-root-116 MuiCard-root-195 MuiGrid-root-13 makeStyles-root-186 MuiGrid-container-14 MuiGrid-direction-xs-column-17 MuiPaper-elevation1-120 MuiPaper-rounded-117"
  >
    <div
      class="MuiGrid-root-13 MuiGrid-container-14 MuiGrid-spacing-xs-2-37 MuiGrid-item-15"
    >
      <div
        class="MuiGrid-root-13 makeStyles-iconBadgeContainer-190 MuiGrid-container-14 MuiGrid-item-15 MuiGrid-grid-xs-auto-46"
      >
        <div
          class="makeStyles-root-196"
        >
          <img
            alt="USDT logo"
            class="makeStyles-position-457"
            height="32"
            src="/assets/icons/usdt.svg"
            width="32"
          />
          <img
            alt="WBTC logo"
            class="makeStyles-position-458"
            height="32"
            src="/assets/icons/wbtc.svg"
            width="32"
          />
          <img
            alt="WETH logo"
            class="makeStyles-position-459"
            height="32"
            src="/assets/icons/weth.svg"
            width="32"
          />
        </div>
      </div>
      <div
        class="MuiGrid-root-13 MuiGrid-container-14 MuiGrid-item-15 MuiGrid-align-items-xs-center-22 MuiGrid-grid-xs-true-47 MuiGrid-grid-lg-5-94"
      >
        <h6
          class="MuiTypography-root-144 makeStyles-vaultName-191 MuiTypography-subtitle1-155"
        >
          Tricrypto2
        </h6>
        <div
          class="MuiGrid-root-13 MuiGrid-container-14 MuiGrid-spacing-xs-2-37"
        >
          <div
            class="MuiGrid-root-13 MuiGrid-item-15 MuiGrid-grid-xs-auto-46"
          >
            <div
              class="MuiChip-root-202 makeStyles-tag-198 MuiChip-sizeSmall-203"
            >
              <span
                class="MuiChip-label-224 MuiChip-labelSmall-225"
              >
                Convex
              </span>
            </div>
          </div>
        </div>
      </div>
      <div
        class="MuiGrid-root-13 MuiGrid-container-14 MuiGrid-item-15 MuiGrid-align-items-xs-center-22 MuiGrid-justify-content-xs-flex-end-32 MuiGrid-grid-xs-true-47"
      >
        <div
          class="MuiBox-root-238 MuiBox-root-460 makeStyles-root-232"
        >
          <div
            class="MuiBox-root-238 MuiBox-root-461 makeStyles-aprDisplay-235"
          >
            <p
              class="MuiTypography-root-144 MuiTypography-body1-146 MuiTypography-colorTextPrimary-169 MuiTypography-displayInline-172"
            >
              2.14%
            </p>
            <img
              alt="apy info icon"
              class="makeStyles-apyInfo-234"
              height="24"
              src="/assets/icons/apy-info.svg"
              width="12"
            />
          </div>
          <div
            class="MuiBox-root-238 MuiBox-root-462 makeStyles-yieldBearingRewards-237"
          >
            <a
              class="MuiTypography-root-144 MuiLink-root-295 MuiLink-underlineHover-297 MuiTypography-colorPrimary-167"
            >
              <img
                alt="Yield-Bearing Rewards"
                height="15"
                src="assets/icons/yield-bearing-rewards.svg"
                width="9"
              />
               
              Yield-Bearing Rewards:
            </a>
            <span
              class="MuiTypography-root-144"
            >
              Rewards earn up to 
              28.32
              %
            </span>
          </div>
        </div>
      </div>
      <div
        class="MuiGrid-root-13 MuiGrid-container-14 MuiGrid-item-15 MuiGrid-justify-content-xs-flex-end-32 MuiGrid-grid-xs-true-47"
      >
        <div
          class="MuiBox-root-238 MuiBox-root-465"
        >
          <p
            class="MuiTypography-root-144 makeStyles-itemText-188 MuiTypography-body1-146"
          >
            0 
          </p>
        </div>
      </div>
      <div
        class="MuiGrid-root-13 MuiGrid-container-14 MuiGrid-item-15 MuiGrid-justify-content-xs-flex-end-32 MuiGrid-grid-xs-true-47"
      >
        <div
          class="MuiBox-root-238 MuiBox-root-468"
        >
          <p
            class="MuiTypography-root-144 makeStyles-itemText-188 MuiTypography-body1-146"
          >
            $817,047
          </p>
        </div>
      </div>
    </div>
  </div>
</div>
`;
